Archive member included to satisfy reference by file (symbol)

.\CortexM3\ARM_GCC_541\Debug\Design01.a(CyLib.o)
                              .\CortexM3\ARM_GCC_541\Debug\Cm3Start.o (CyHalt)
.\CortexM3\ARM_GCC_541\Debug\Design01.a(cyPm.o)
                              .\CortexM3\ARM_GCC_541\Debug\Design01.a(CyLib.o) (CyPmReadStatus)
.\CortexM3\ARM_GCC_541\Debug\Design01.a(SW1.o)
                              .\CortexM3\ARM_GCC_541\Debug\main.o (SW1_Read)
.\CortexM3\ARM_GCC_541\Debug\Design01.a(SW2.o)
                              .\CortexM3\ARM_GCC_541\Debug\main.o (SW2_Read)
.\CortexM3\ARM_GCC_541\Debug\Design01.a(SW3.o)
                              .\CortexM3\ARM_GCC_541\Debug\main.o (SW3_Read)
.\CortexM3\ARM_GCC_541\Debug\Design01.a(LED1.o)
                              .\CortexM3\ARM_GCC_541\Debug\main.o (LED1_Write)
.\CortexM3\ARM_GCC_541\Debug\Design01.a(LED2.o)
                              .\CortexM3\ARM_GCC_541\Debug\main.o (LED2_Write)
.\CortexM3\ARM_GCC_541\Debug\Design01.a(LED3.o)
                              .\CortexM3\ARM_GCC_541\Debug\main.o (LED3_Write)
.\CortexM3\ARM_GCC_541\Debug\Design01.a(LED4.o)
                              .\CortexM3\ARM_GCC_541\Debug\main.o (LED4_Write)
.\CortexM3\ARM_GCC_541\Debug\Design01.a(LCD.o)
                              .\CortexM3\ARM_GCC_541\Debug\main.o (LCD_PrintString)
.\CortexM3\ARM_GCC_541\Debug\Design01.a(UART.o)
                              .\CortexM3\ARM_GCC_541\Debug\main.o (UART_PutString)
.\CortexM3\ARM_GCC_541\Debug\Design01.a(UART_IntClock.o)
                              .\CortexM3\ARM_GCC_541\Debug\Design01.a(UART.o) (UART_IntClock_Start)
.\CortexM3\ARM_GCC_541\Debug\Design01.a(MyTimer.o)
                              .\CortexM3\ARM_GCC_541\Debug\main.o (MyTimer_Stop)
.\CortexM3\ARM_GCC_541\Debug\Design01.a(ROW0.o)
                              .\CortexM3\ARM_GCC_541\Debug\keypad.o (ROW0_Read)
.\CortexM3\ARM_GCC_541\Debug\Design01.a(ROW1.o)
                              .\CortexM3\ARM_GCC_541\Debug\keypad.o (ROW1_Read)
.\CortexM3\ARM_GCC_541\Debug\Design01.a(ROW2.o)
                              .\CortexM3\ARM_GCC_541\Debug\keypad.o (ROW2_Read)
.\CortexM3\ARM_GCC_541\Debug\Design01.a(ROW3.o)
                              .\CortexM3\ARM_GCC_541\Debug\keypad.o (ROW3_Read)
.\CortexM3\ARM_GCC_541\Debug\Design01.a(COL1.o)
                              .\CortexM3\ARM_GCC_541\Debug\keypad.o (COL1_Write)
.\CortexM3\ARM_GCC_541\Debug\Design01.a(COL2.o)
                              .\CortexM3\ARM_GCC_541\Debug\keypad.o (COL2_Write)
.\CortexM3\ARM_GCC_541\Debug\Design01.a(COL3.o)
                              .\CortexM3\ARM_GCC_541\Debug\keypad.o (COL3_Write)
.\CortexM3\ARM_GCC_541\Debug\Design01.a(isr.o)
                              .\CortexM3\ARM_GCC_541\Debug\main.o (isr_StartEx)
.\CortexM3\ARM_GCC_541\Debug\Design01.a(Timer_keyboard_ISR.o)
                              .\CortexM3\ARM_GCC_541\Debug\main.o (Timer_keyboard_ISR_ReadStatusRegister)
.\CortexM3\ARM_GCC_541\Debug\Design01.a(VDAC8_1.o)
                              .\CortexM3\ARM_GCC_541\Debug\main.o (VDAC8_1_SetValue)
.\CortexM3\ARM_GCC_541\Debug\Design01.a(CyBootAsmGnu.o)
                              .\CortexM3\ARM_GCC_541\Debug\cyfitter_cfg.o (CyDelayCycles)
.\CortexM3\ARM_GCC_541\Debug\Design01.a(CyFlash.o)
                              .\CortexM3\ARM_GCC_541\Debug\Design01.a(cyPm.o) (CyFlash_SetWaitCycles)
.\CortexM3\ARM_GCC_541\Debug\Design01.a(CySpc.o)
                              .\CortexM3\ARM_GCC_541\Debug\Design01.a(CyFlash.o) (CySpcStart)
c:/program files (x86)/cypress/psoc creator/4.4/psoc creator/import/gnu/arm/5.4.1/bin/../lib/gcc/arm-none-eabi/5.4.1/../../../../arm-none-eabi/lib/armv7-m\libm.a(lib_a-s_sin.o)
                              .\CortexM3\ARM_GCC_541\Debug\main.o (sin)
c:/program files (x86)/cypress/psoc creator/4.4/psoc creator/import/gnu/arm/5.4.1/bin/../lib/gcc/arm-none-eabi/5.4.1/../../../../arm-none-eabi/lib/armv7-m\libm.a(lib_a-e_rem_pio2.o)
                              c:/program files (x86)/cypress/psoc creator/4.4/psoc creator/import/gnu/arm/5.4.1/bin/../lib/gcc/arm-none-eabi/5.4.1/../../../../arm-none-eabi/lib/armv7-m\libm.a(lib_a-s_sin.o) (__ieee754_rem_pio2)
c:/program files (x86)/cypress/psoc creator/4.4/psoc creator/import/gnu/arm/5.4.1/bin/../lib/gcc/arm-none-eabi/5.4.1/../../../../arm-none-eabi/lib/armv7-m\libm.a(lib_a-k_cos.o)
                              c:/program files (x86)/cypress/psoc creator/4.4/psoc creator/import/gnu/arm/5.4.1/bin/../lib/gcc/arm-none-eabi/5.4.1/../../../../arm-none-eabi/lib/armv7-m\libm.a(lib_a-s_sin.o) (__kernel_cos)
c:/program files (x86)/cypress/psoc creator/4.4/psoc creator/import/gnu/arm/5.4.1/bin/../lib/gcc/arm-none-eabi/5.4.1/../../../../arm-none-eabi/lib/armv7-m\libm.a(lib_a-k_rem_pio2.o)
[...]
Memory Configuration

Name             Origin             Length             Attributes
rom              0x00000000         0x00040000         xr
ram              0x1fff8000         0x00010000         xrw
*default*        0x00000000         0xffffffff

Linker script and memory map

LOAD c:/program files (x86)/cypress/psoc creator/4.4/psoc creator/import/gnu/arm/5.4.1/bin/../lib/gcc/arm-none-eabi/5.4.1/armv7-m/crti.o
LOAD c:/program files (x86)/cypress/psoc creator/4.4/psoc creator/import/gnu/arm/5.4.1/bin/../lib/gcc/arm-none-eabi/5.4.1/armv7-m/crtbegin.o
LOAD c:/program files (x86)/cypress/psoc creator/4.4/psoc creator/import/gnu/arm/5.4.1/bin/../lib/gcc/arm-none-eabi/5.4.1/../../../../arm-none-eabi/lib/armv7-m/crt0.o
START GROUP
LOAD .\CortexM3\ARM_GCC_541\Debug\main.o
LOAD .\CortexM3\ARM_GCC_541\Debug\keypad.o
LOAD .\CortexM3\ARM_GCC_541\Debug\cyfitter_cfg.o
LOAD .\CortexM3\ARM_GCC_541\Debug\cymetadata.o
LOAD .\CortexM3\ARM_GCC_541\Debug\Cm3Start.o
LOAD .\CortexM3\ARM_GCC_541\Debug\Design01.a
LOAD C:\Program Files (x86)\Cypress\PSoC Creator\4.4\PSoC Creator\psoc\content\cycomponentlibrary\CyComponentLibrary.cylib\CortexM3\ARM_GCC_541\Debug\CyComponentLibrary.a
LOAD c:/program files (x86)/cypress/psoc creator/4.4/psoc creator/import/gnu/arm/5.4.1/bin/../lib/gcc/arm-none-eabi/5.4.1/../../../../arm-none-eabi/lib/armv7-m\libm.a
END GROUP
START GROUP
LOAD c:/program files (x86)/cypress/psoc creator/4.4/psoc creator/import/gnu/arm/5.4.1/bin/../lib/gcc/arm-none-eabi/5.4.1/armv7-m\libgcc.a
LOAD c:/program files (x86)/cypress/psoc creator/4.4/psoc creator/import/gnu/arm/5.4.1/bin/../lib/gcc/arm-none-eabi/5.4.1/../../../../arm-none-eabi/lib/armv7-m\libg_nano.a
LOAD c:/program files (x86)/cypress/psoc creator/4.4/psoc creator/import/gnu/arm/5.4.1/bin/../lib/gcc/arm-none-eabi/5.4.1/../../../../arm-none-eabi/lib/armv7-m\libc_nano.a
END GROUP
START GROUP
LOAD c:/program files (x86)/cypress/psoc creator/4.4/psoc creator/import/gnu/arm/5.4.1/bin/../lib/gcc/arm-none-eabi/5.4.1/armv7-m\libgcc.a
LOAD c:/program files (x86)/cypress/psoc creator/4.4/psoc creator/import/gnu/arm/5.4.1/bin/../lib/gcc/arm-none-eabi/5.4.1/../../../../arm-none-eabi/lib/armv7-m\libc_nano.a
END GROUP
LOAD c:/program files (x86)/cypress/psoc creator/4.4/psoc creator/import/gnu/arm/5.4.1/bin/../lib/gcc/arm-none-eabi/5.4.1/armv7-m/crtend.o
LOAD c:/program files (x86)/cypress/psoc creator/4.4/psoc creator/import/gnu/arm/5.4.1/bin/../lib/gcc/arm-none-eabi/5.4.1/armv7-m/crtn.o
START GROUP
LOAD c:/program files (x86)/cypress/psoc creator/4.4/psoc creator/import/gnu/arm/5.4.1/bin/../lib/gcc/arm-none-eabi/5.4.1/armv7-m\libgcc.a
LOAD c:/program files (x86)/cypress/psoc creator/4.4/psoc creator/import/gnu/arm/5.4.1/bin/../lib/gcc/arm-none-eabi/5.4.1/../../../../arm-none-eabi/lib/armv7-m\libc.a
LOAD c:/program files (x86)/cypress/psoc creator/4.4/psoc creator/import/gnu/arm/5.4.1/bin/../lib/gcc/arm-none-eabi/5.4.1/../../../../arm-none-eabi/lib/armv7-m\libnosys.a
END GROUP
                0x00000000                CY_APPL_ORIGIN = 0x0
                0x00000100                CY_FLASH_ROW_SIZE = 0x100
                0x00000020                CY_ECC_ROW_SIZE = 0x20
                0x00000000                CY_EE_IN_BTLDR = 0x0
                0x00000000                CY_APPL_LOADABLE = 0x0
                0x00000800                CY_EE_SIZE = 0x800
                0x00000001                CY_APPL_NUM = 0x1
                0x00000001                CY_APPL_MAX = 0x1
                0x00000040                CY_METADATA_SIZE = 0x40
                0x00000000                CY_APPL_LOADABLE = 0x0
                0x00000000                CY_CHECKSUM_EXCLUDE_SIZE = ALIGN (0x0, CY_FLASH_ROW_SIZE)
                [!provide]                PROVIDE (__cy_heap_start, _end)
                0x00000001                PROVIDE (__cy_region_num, ((__cy_regions_end - __cy_regions) / 0x10))
                0x20008000                PROVIDE (__cy_stack, (ORIGIN (ram) + LENGTH (ram)))
                [!provide]                PROVIDE (__cy_heap_end, (__cy_stack - 0x800))

.cybootloader   0x00000000        0x0
 *(.cybootloader)
                0x00000000                appl1_start = CY_APPL_ORIGIN?CY_APPL_ORIGIN:ALIGN (CY_FLASH_ROW_SIZE)
                0x0001ff00                appl2_start = (appl1_start + ALIGN ((((LENGTH (rom) - appl1_start) - (0x2 * CY_FLASH_ROW_SIZE)) / 0x2), CY_FLASH_ROW_SIZE))
                0x00000000                appl_start = (CY_APPL_NUM == 0x1)?appl1_start:appl2_start
                0x00000000                ecc_offset = ((appl_start / CY_FLASH_ROW_SIZE) * CY_ECC_ROW_SIZE)
                0x00000000                ee_offset = (CY_APPL_LOADABLE && ! (CY_EE_IN_BTLDR))?((CY_EE_SIZE / CY_APPL_MAX) * (CY_APPL_NUM - 0x1)):0x0
                0x00000800                ee_size = (CY_APPL_LOADABLE && ! (CY_EE_IN_BTLDR))?(CY_EE_SIZE / CY_APPL_MAX):CY_EE_SIZE
                [!provide]                PROVIDE (CY_ECC_OFFSET, ecc_offset)

.text           0x00000000     0x309e
 CREATE_OBJECT_SYMBOLS
                0x00000000                PROVIDE (__cy_interrupt_vector, RomVectors)
 *(.romvectors)
 .romvectors    0x00000000       0x10 .\CortexM3\ARM_GCC_541\Debug\Cm3Start.o
                0x00000000                RomVectors
                0x00000001                ASSERT ((. != __cy_interrupt_vector), No interrupt vector)
                0x00000001                ASSERT (CY_APPL_ORIGIN?(SIZEOF (.cybootloader) <= CY_APPL_ORIGIN):0x1, Wrong image location)
                0x00000010                PROVIDE (__cy_reset, Reset)
 *(.text.Reset)
 .text.Reset    0x00000010       0x18 .\CortexM3\ARM_GCC_541\Debug\Cm3Start.o
                0x00000010                Reset
                0x00000001                ASSERT ((. != __cy_reset), No reset code)
 *(.dma_init)
                0x00000001                ASSERT ((((appl_start + .) <= 0x10000) || 0x1), DMA Init must be within the first 64k of flash)
 *(.text .text.* .gnu.linkonce.t.*)
 .text          0x00000028       0x5c c:/program files (x86)/cypress/psoc creator/4.4/psoc creator/import/gnu/arm/5.4.1/bin/../lib/gcc/arm-none-eabi/5.4.1/armv7-m/crtbegin.o
 .text.initPeripherals
                0x00000084       0x18 .\CortexM3\ARM_GCC_541\Debug\main.o
                0x00000084                initPeripherals
 .text.startTimer
                0x0000009c       0x14 .\CortexM3\ARM_GCC_541\Debug\main.o
                0x0000009c                startTimer
 .text.sound    0x000000b0        0xc .\CortexM3\ARM_GCC_541\Debug\main.o
                0x000000b0                sound
 .text.display_score
                0x000000bc       0x1c .\CortexM3\ARM_GCC_541\Debug\main.o
                0x000000bc                display_score
 .text.display_dino_status
                0x000000d8       0x30 .\CortexM3\ARM_GCC_541\Debug\main.o
                0x000000d8                display_dino_status
 .text.jump     0x00000108       0x58 .\CortexM3\ARM_GCC_541\Debug\main.o
                0x00000108                jump
 .text.duck     0x00000160       0x48 .\CortexM3\ARM_GCC_541\Debug\main.o
                0x00000160                duck
 .text.restLeds
                0x000001a8       0x1c .\CortexM3\ARM_GCC_541\Debug\main.o
                0x000001a8                restLeds
 .text.getKeypadEntries
                0x000001c4       0x20 .\CortexM3\ARM_GCC_541\Debug\main.o
                0x000001c4                getKeypadEntries
 .text.myISR    0x000001e4       0x28 .\CortexM3\ARM_GCC_541\Debug\main.o
                0x000001e4                myISR
 *fill*         0x0000020c        0x4 
 .text.main     0x00000210      0x104 .\CortexM3\ARM_GCC_541\Debug\main.o
                0x00000210                main
 .text.keypadInit
                0x00000314       0x18 .\CortexM3\ARM_GCC_541\Debug\keypad.o
                0x00000314                keypadInit
 .text.keypadScan
                0x0000032c       0xfc .\CortexM3\ARM_GCC_541\Debug\keypad.o
                0x0000032c                keypadScan
 .text.CyClockStartupError
                0x00000428        0x4 .\CortexM3\ARM_GCC_541\Debug\cyfitter_cfg.o
 .text.cfg_write_bytes32
                0x0000042c       0x34 .\CortexM3\ARM_GCC_541\Debug\cyfitter_cfg.o
 .text.AnalogSetDefault
                0x00000460       0x44 .\CortexM3\ARM_GCC_541\Debug\cyfitter_cfg.o
 .text.CYMEMZERO
                0x000004a4        0xc .\CortexM3\ARM_GCC_541\Debug\cyfitter_cfg.o
 .text.CYCONFIGCPY
                0x000004b0        0x8 .\CortexM3\ARM_GCC_541\Debug\cyfitter_cfg.o
 .text.ClockSetup
                0x000004b8      0x108 .\CortexM3\ARM_GCC_541\Debug\cyfitter_cfg.o
 .text.cyfitter_cfg
                0x000005c0      0x12c .\CortexM3\ARM_GCC_541\Debug\cyfitter_cfg.o
                0x000005c0                cyfitter_cfg
 .text.IntDefaultHandler
                0x000006ec       0x10 .\CortexM3\ARM_GCC_541\Debug\Cm3Start.o
                0x000006ec                IntDefaultHandler
 .text.Start_c  0x000006fc       0x4c .\CortexM3\ARM_GCC_541\Debug\Cm3Start.o
                0x000006fc                Start_c
 .text.initialize_psoc
                0x00000748       0x68 .\CortexM3\ARM_GCC_541\Debug\Cm3Start.o
                0x00000748                initialize_psoc
 .text.CyDelay  0x000007b0       0x2c .\CortexM3\ARM_GCC_541\Debug\Design01.a(CyLib.o)
                0x000007b0                CyDelay
 .text.CyDelayUs
                0x000007dc       0x14 .\CortexM3\ARM_GCC_541\Debug\Design01.a(CyLib.o)
                0x000007dc                CyDelayUs
 .text.SW1_Read
                0x000007f0       0x10 .\CortexM3\ARM_GCC_541\Debug\Design01.a(SW1.o)
                0x000007f0                SW1_Read
 .text.SW2_Read
                0x00000800       0x10 .\CortexM3\ARM_GCC_541\Debug\Design01.a(SW2.o)
                0x00000800                SW2_Read
 .text.SW3_Read
                0x00000810       0x10 .\CortexM3\ARM_GCC_541\Debug\Design01.a(SW3.o)
                0x00000810                SW3_Read
 .text.LED1_Write
                0x00000820       0x18 .\CortexM3\ARM_GCC_541\Debug\Design01.a(LED1.o)
                0x00000820                LED1_Write
 .text.LED2_Write
                0x00000838       0x18 .\CortexM3\ARM_GCC_541\Debug\Design01.a(LED2.o)
                0x00000838                LED2_Write
 .text.LED3_Write
                0x00000850       0x18 .\CortexM3\ARM_GCC_541\Debug\Design01.a(LED3.o)
                0x00000850                LED3_Write
 .text.LED4_Write
                0x00000868       0x18 .\CortexM3\ARM_GCC_541\Debug\Design01.a(LED4.o)
                0x00000868                LED4_Write
 .text.LCD_WrCntrlNib
                0x00000880       0x34 .\CortexM3\ARM_GCC_541\Debug\Design01.a(LCD.o)
 .text.LCD_WrDatNib
                0x000008b4       0x44 .\CortexM3\ARM_GCC_541\Debug\Design01.a(LCD.o)
 .text.LCD_IsReady
                0x000008f8       0xe4 .\CortexM3\ARM_GCC_541\Debug\Design01.a(LCD.o)
                0x000008f8                LCD_IsReady
 .text.LCD_WriteData
                0x000009dc       0x18 .\CortexM3\ARM_GCC_541\Debug\Design01.a(LCD.o)
                0x000009dc                LCD_WriteData
 .text.LCD_PrintString
                0x000009f4       0x1c .\CortexM3\ARM_GCC_541\Debug\Design01.a(LCD.o)
                0x000009f4                LCD_PrintString
 .text.LCD_WriteControl
                0x00000a10       0x18 .\CortexM3\ARM_GCC_541\Debug\Design01.a(LCD.o)
                0x00000a10                LCD_WriteControl
 .text.LCD_Init
                0x00000a28       0x6c .\CortexM3\ARM_GCC_541\Debug\Design01.a(LCD.o)
                0x00000a28                LCD_Init
 .text.LCD_Enable
                0x00000a94       0x14 .\CortexM3\ARM_GCC_541\Debug\Design01.a(LCD.o)
                0x00000a94                LCD_Enable
 .text.LCD_Start
                0x00000aa8       0x1c .\CortexM3\ARM_GCC_541\Debug\Design01.a(LCD.o)
                0x00000aa8                LCD_Start
 .text.LCD_Position
                0x00000ac4       0x3c .\CortexM3\ARM_GCC_541\Debug\Design01.a(LCD.o)
                0x00000ac4                LCD_Position
 .text.LCD_PrintU32Number
                0x00000b00       0x64 .\CortexM3\ARM_GCC_541\Debug\Design01.a(LCD.o)
                0x00000b00                LCD_PrintU32Number
 .text.MyTimer_Enable
                0x00000b64       0x28 .\CortexM3\ARM_GCC_541\Debug\Design01.a(MyTimer.o)
                0x00000b64                MyTimer_Enable
 .text.MyTimer_Stop
                0x00000b8c       0x28 .\CortexM3\ARM_GCC_541\Debug\Design01.a(MyTimer.o)
                0x00000b8c                MyTimer_Stop
 .text.MyTimer_SetInterruptMode
                0x00000bb4        0xc .\CortexM3\ARM_GCC_541\Debug\Design01.a(MyTimer.o)
                0x00000bb4                MyTimer_SetInterruptMode
 .text.MyTimer_ReadStatusRegister
                0x00000bc0        0xc .\CortexM3\ARM_GCC_541\Debug\Design01.a(MyTimer.o)
                0x00000bc0                MyTimer_ReadStatusRegister
 .text.MyTimer_WritePeriod
                0x00000bcc        0xc .\CortexM3\ARM_GCC_541\Debug\Design01.a(MyTimer.o)
                0x00000bcc                MyTimer_WritePeriod
 .text.MyTimer_WriteCounter
                0x00000bd8        0xc .\CortexM3\ARM_GCC_541\Debug\Design01.a(MyTimer.o)
                0x00000bd8                MyTimer_WriteCounter
 .text.MyTimer_Init
                0x00000be4       0x68 .\CortexM3\ARM_GCC_541\Debug\Design01.a(MyTimer.o)
                0x00000be4                MyTimer_Init
 .text.MyTimer_Start
                0x00000c4c       0x1c .\CortexM3\ARM_GCC_541\Debug\Design01.a(MyTimer.o)
                0x00000c4c                MyTimer_Start
 .text.ROW0_Read
                0x00000c68       0x10 .\CortexM3\ARM_GCC_541\Debug\Design01.a(ROW0.o)
                0x00000c68                ROW0_Read
 .text.ROW1_Read
                0x00000c78       0x10 .\CortexM3\ARM_GCC_541\Debug\Design01.a(ROW1.o)
                0x00000c78                ROW1_Read
 .text.ROW2_Read
                0x00000c88        0xc .\CortexM3\ARM_GCC_541\Debug\Design01.a(ROW2.o)
                0x00000c88                ROW2_Read
 .text.ROW3_Read
                0x00000c94       0x10 .\CortexM3\ARM_GCC_541\Debug\Design01.a(ROW3.o)
                0x00000c94                ROW3_Read
 .text.COL1_Write
                0x00000ca4       0x18 .\CortexM3\ARM_GCC_541\Debug\Design01.a(COL1.o)
                0x00000ca4                COL1_Write
 .text.COL2_Write
                0x00000cbc       0x18 .\CortexM3\ARM_GCC_541\Debug\Design01.a(COL2.o)
                0x00000cbc                COL2_Write
 .text.COL3_Write
                0x00000cd4       0x18 .\CortexM3\ARM_GCC_541\Debug\Design01.a(COL3.o)
                0x00000cd4                COL3_Write
 .text.isr_SetVector
                0x00000cec       0x10 .\CortexM3\ARM_GCC_541\Debug\Design01.a(isr.o)
                0x00000cec                isr_SetVector
 .text.isr_SetPriority
                0x00000cfc       0x10 .\CortexM3\ARM_GCC_541\Debug\Design01.a(isr.o)
                0x00000cfc                isr_SetPriority
 .text.isr_Enable
                0x00000d0c       0x10 .\CortexM3\ARM_GCC_541\Debug\Design01.a(isr.o)
                0x00000d0c                isr_Enable
 .text.isr_Disable
                0x00000d1c       0x10 .\CortexM3\ARM_GCC_541\Debug\Design01.a(isr.o)
                0x00000d1c                isr_Disable
 .text.isr_StartEx
                0x00000d2c       0x1c .\CortexM3\ARM_GCC_541\Debug\Design01.a(isr.o)
                0x00000d2c                isr_StartEx
 .text.Timer_keyboard_ISR_Enable
                0x00000d48       0x28 .\CortexM3\ARM_GCC_541\Debug\Design01.a(Timer_keyboard_ISR.o)
                0x00000d48                Timer_keyboard_ISR_Enable
 .text.Timer_keyboard_ISR_SetInterruptMode
                0x00000d70        0xc .\CortexM3\ARM_GCC_541\Debug\Design01.a(Timer_keyboard_ISR.o)
                0x00000d70                Timer_keyboard_ISR_SetInterruptMode
 .text.Timer_keyboard_ISR_ReadStatusRegister
                0x00000d7c        0xc .\CortexM3\ARM_GCC_541\Debug\Design01.a(Timer_keyboard_ISR.o)
                0x00000d7c                Timer_keyboard_ISR_ReadStatusRegister
 .text.Timer_keyboard_ISR_WritePeriod
                0x00000d88        0xc .\CortexM3\ARM_GCC_541\Debug\Design01.a(Timer_keyboard_ISR.o)
                0x00000d88                Timer_keyboard_ISR_WritePeriod
 .text.Timer_keyboard_ISR_WriteCounter
                0x00000d94        0xc .\CortexM3\ARM_GCC_541\Debug\Design01.a(Timer_keyboard_ISR.o)
                0x00000d94                Timer_keyboard_ISR_WriteCounter
 .text.Timer_keyboard_ISR_Init
                0x00000da0       0x64 .\CortexM3\ARM_GCC_541\Debug\Design01.a(Timer_keyboard_ISR.o)
                0x00000da0                Timer_keyboard_ISR_Init
 .text.Timer_keyboard_ISR_Start
                0x00000e04       0x1c .\CortexM3\ARM_GCC_541\Debug\Design01.a(Timer_keyboard_ISR.o)
                0x00000e04                Timer_keyboard_ISR_Start
 .text.VDAC8_1_Enable
                0x00000e20       0x1c .\CortexM3\ARM_GCC_541\Debug\Design01.a(VDAC8_1.o)
                0x00000e20                VDAC8_1_Enable
 .text.VDAC8_1_SetSpeed
                0x00000e3c       0x1c .\CortexM3\ARM_GCC_541\Debug\Design01.a(VDAC8_1.o)
                0x00000e3c                VDAC8_1_SetSpeed
 .text.VDAC8_1_SetValue
                0x00000e58        0xc .\CortexM3\ARM_GCC_541\Debug\Design01.a(VDAC8_1.o)
                0x00000e58                VDAC8_1_SetValue
 .text.VDAC8_1_DacTrim
                0x00000e64       0x24 .\CortexM3\ARM_GCC_541\Debug\Design01.a(VDAC8_1.o)
                0x00000e64                VDAC8_1_DacTrim
 .text.VDAC8_1_SetRange
                0x00000e88       0x20 .\CortexM3\ARM_GCC_541\Debug\Design01.a(VDAC8_1.o)
                0x00000e88                VDAC8_1_SetRange
 .text.VDAC8_1_Init
                0x00000ea8       0x20 .\CortexM3\ARM_GCC_541\Debug\Design01.a(VDAC8_1.o)
                0x00000ea8                VDAC8_1_Init
 .text.VDAC8_1_Start
                0x00000ec8       0x24 .\CortexM3\ARM_GCC_541\Debug\Design01.a(VDAC8_1.o)
                0x00000ec8                VDAC8_1_Start
 *fill*         0x00000eec        0x4 
 .text          0x00000ef0       0x20 .\CortexM3\ARM_GCC_541\Debug\Design01.a(CyBootAsmGnu.o)
                0x00000ef0                CyDelayCycles
                0x00000f00                CyEnterCriticalSection
                0x00000f08                CyExitCriticalSection
 .text.sin      0x00000f10       0x90 c:/program files (x86)/cypress/psoc creator/4.4/psoc creator/import/gnu/arm/5.4.1/bin/../lib/gcc/arm-none-eabi/5.4.1/../../../../arm-none-eabi/lib/armv7-m\libm.a(lib_a-s_sin.o)
                0x00000f10                sin
 .text.__ieee754_rem_pio2
                0x00000fa0      0x42c c:/program files (x86)/cypress/psoc creator/4.4/psoc creator/import/gnu/arm/5.4.1/bin/../lib/gcc/arm-none-eabi/5.4.1/../../../../arm-none-eabi/lib/armv7-m\libm.a(lib_a-e_rem_pio2.o)
                0x00000fa0                __ieee754_rem_pio2
 *fill*         0x000013cc        0x4 
 .text.__kernel_cos
                0x000013d0      0x248 c:/program files (x86)/cypress/psoc creator/4.4/psoc creator/import/gnu/arm/5.4.1/bin/../lib/gcc/arm-none-eabi/5.4.1/../../../../arm-none-eabi/lib/armv7-m\libm.a(lib_a-k_cos.o)
                0x000013d0                __kernel_cos
 .text.__kernel_rem_pio2
                0x00001618      0x7f0 c:/program files (x86)/cypress/psoc creator/4.4/psoc creator/import/gnu/arm/5.4.1/bin/../lib/gcc/arm-none-eabi/5.4.1/../../../../arm-none-eabi/lib/armv7-m\libm.a(lib_a-k_rem_pio2.o)
                0x00001618                __kernel_rem_pio2
 .text.__kernel_sin
                0x00001e08      0x16c c:/program files (x86)/cypress/psoc creator/4.4/psoc creator/import/gnu/arm/5.4.1/bin/../lib/gcc/arm-none-eabi/5.4.1/../../../../arm-none-eabi/lib/armv7-m\libm.a(lib_a-k_sin.o)
                0x00001e08                __kernel_sin
 .text.fabs     0x00001f74        0x8 c:/program files (x86)/cypress/psoc creator/4.4/psoc creator/import/gnu/arm/5.4.1/bin/../lib/gcc/arm-none-eabi/5.4.1/../../../../arm-none-eabi/lib/armv7-m\libm.a(lib_a-s_fabs.o)
                0x00001f74                fabs
 *fill*         0x00001f7c        0x4 
 .text.floor    0x00001f80      0x110 c:/program files (x86)/cypress/psoc creator/4.4/psoc creator/import/gnu/arm/5.4.1/bin/../lib/gcc/arm-none-eabi/5.4.1/../../../../arm-none-eabi/lib/armv7-m\libm.a(lib_a-s_floor.o)
                0x00001f80                floor
 .text.scalbn   0x00002090       0xe4 c:/program files (x86)/cypress/psoc creator/4.4/psoc creator/import/gnu/arm/5.4.1/bin/../lib/gcc/arm-none-eabi/5.4.1/../../../../arm-none-eabi/lib/armv7-m\libm.a(lib_a-s_scalbn.o)
                0x00002090                scalbn
 .text.copysign
                0x00002174       0x10 c:/program files (x86)/cypress/psoc creator/4.4/psoc creator/import/gnu/arm/5.4.1/bin/../lib/gcc/arm-none-eabi/5.4.1/../../../../arm-none-eabi/lib/armv7-m\libm.a(lib_a-s_copysign.o)
                0x00002174                copysign
 .text          0x00002184      0x370 c:/program files (x86)/cypress/psoc creator/4.4/psoc creator/import/gnu/arm/5.4.1/bin/../lib/gcc/arm-none-eabi/5.4.1/armv7-m\libgcc.a(_arm_addsubdf3.o)
                0x00002184                __aeabi_drsub
                0x0000218c                __aeabi_dsub
                0x0000218c                __subdf3
                0x00002190                __aeabi_dadd
                0x00002190                __adddf3
                0x00002408                __floatunsidf
                0x00002408                __aeabi_ui2d
                0x00002428                __floatsidf
                0x00002428                __aeabi_i2d
                0x0000244c                __aeabi_f2d
                0x0000244c                __extendsfdf2
                0x00002488                __floatundidf
                0x00002488                __aeabi_ul2d
                0x00002498                __floatdidf
                0x00002498                __aeabi_l2d
 .text          0x000024f4      0x424 c:/program files (x86)/cypress/psoc creator/4.4/psoc creator/import/gnu/arm/5.4.1/bin/../lib/gcc/arm-none-eabi/5.4.1/armv7-m\libgcc.a(_arm_muldivdf3.o)
                0x000024f4                __aeabi_dmul
                0x000024f4                __muldf3
                0x00002748                __divdf3
                0x00002748                __aeabi_ddiv
 .text          0x00002918      0x110 c:/program files (x86)/cypress/psoc creator/4.4/psoc creator/import/gnu/arm/5.4.1/bin/../lib/gcc/arm-none-eabi/5.4.1/armv7-m\libgcc.a(_arm_cmpdf2.o)
                0x00002918                __gtdf2
                0x00002918                __gedf2
                0x00002920                __ltdf2
                0x00002920                __ledf2
                0x00002928                __nedf2
                0x00002928                __eqdf2
                0x00002928                __cmpdf2
                0x000029a4                __aeabi_cdrcmple
                0x000029b4                __aeabi_cdcmpeq
                0x000029b4                __aeabi_cdcmple
                0x000029c4                __aeabi_dcmpeq
                0x000029d8                __aeabi_dcmplt
                0x000029ec                __aeabi_dcmple
                0x00002a00                __aeabi_dcmpge
                0x00002a14                __aeabi_dcmpgt
 .text          0x00002a28       0x50 c:/program files (x86)/cypress/psoc creator/4.4/psoc creator/import/gnu/arm/5.4.1/bin/../lib/gcc/arm-none-eabi/5.4.1/armv7-m\libgcc.a(_arm_fixdfsi.o)
                0x00002a28                __aeabi_d2iz
                0x00002a28                __fixdfsi
 .text          0x00002a78       0xa0 c:/program files (x86)/cypress/psoc creator/4.4/psoc creator/import/gnu/arm/5.4.1/bin/../lib/gcc/arm-none-eabi/5.4.1/armv7-m\libgcc.a(_arm_truncdfsf2.o)
                0x00002a78                __truncdfsf2
                0x00002a78                __aeabi_d2f
 .text          0x00002b18      0x21c c:/program files (x86)/cypress/psoc creator/4.4/psoc creator/import/gnu/arm/5.4.1/bin/../lib/gcc/arm-none-eabi/5.4.1/armv7-m\libgcc.a(_arm_addsubsf3.o)
                0x00002b18                __aeabi_frsub
                0x00002b20                __subsf3
                0x00002b20                __aeabi_fsub
                0x00002b24                __aeabi_fadd
                0x00002b24                __addsf3
                0x00002c84                __aeabi_ui2f
                0x00002c84                __floatunsisf
                0x00002c8c                __aeabi_i2f
                0x00002c8c                __floatsisf
                0x00002ca8                __aeabi_ul2f
                0x00002ca8                __floatundisf
                0x00002cb8                __aeabi_l2f
                0x00002cb8                __floatdisf
 .text          0x00002d34      0x2a0 c:/program files (x86)/cypress/psoc creator/4.4/psoc creator/import/gnu/arm/5.4.1/bin/../lib/gcc/arm-none-eabi/5.4.1/armv7-m\libgcc.a(_arm_muldivsf3.o)
                0x00002d34                __mulsf3
                0x00002d34                __aeabi_fmul
                0x00002e9c                __aeabi_fdiv
                0x00002e9c                __divsf3
 .text          0x00002fd4       0x4c c:/program files (x86)/cypress/psoc creator/4.4/psoc creator/import/gnu/arm/5.4.1/bin/../lib/gcc/arm-none-eabi/5.4.1/armv7-m\libgcc.a(_arm_fixsfsi.o)
                0x00002fd4                __aeabi_f2iz
                0x00002fd4                __fixsfsi
 .text.__errno  0x00003020        0xc c:/program files (x86)/cypress/psoc creator/4.4/psoc creator/import/gnu/arm/5.4.1/bin/../lib/gcc/arm-none-eabi/5.4.1/../../../../arm-none-eabi/lib/armv7-m\libg_nano.a(lib_a-errno.o)
                0x00003020                __errno
 .text.__libc_init_array
                0x0000302c       0x4c c:/program files (x86)/cypress/psoc creator/4.4/psoc creator/import/gnu/arm/5.4.1/bin/../lib/gcc/arm-none-eabi/5.4.1/../../../../arm-none-eabi/lib/armv7-m\libg_nano.a(lib_a-init.o)
                0x0000302c                __libc_init_array
 .text.memcpy   0x00003078       0x16 c:/program files (x86)/cypress/psoc creator/4.4/psoc creator/import/gnu/arm/5.4.1/bin/../lib/gcc/arm-none-eabi/5.4.1/../../../../arm-none-eabi/lib/armv7-m\libg_nano.a(lib_a-memcpy-stub.o)
                0x00003078                memcpy
 .text.memset   0x0000308e       0x10 c:/program files (x86)/cypress/psoc creator/4.4/psoc creator/import/gnu/arm/5.4.1/bin/../lib/gcc/arm-none-eabi/5.4.1/../../../../arm-none-eabi/lib/armv7-m\libg_nano.a(lib_a-memset.o)
                0x0000308e                memset
 *(.plt)
 *(.gnu.warning)
 *(.glue_7t)
 .glue_7t       0x0000309e        0x0 linker stubs
 *(.glue_7)
 .glue_7        0x0000309e        0x0 linker stubs
 *(.vfp11_veneer)
 .vfp11_veneer  0x0000309e        0x0 linker stubs
 *(.bootloader)
 *(.ARM.extab* .gnu.linkonce.armextab.*)
 *(.gcc_except_table)

.v4_bx          0x000030a0        0x0
 .v4_bx         0x000030a0        0x0 linker stubs

.iplt           0x000030a0        0x0
 .iplt          0x000030a0        0x0 c:/program files (x86)/cypress/psoc creator/4.4/psoc creator/import/gnu/arm/5.4.1/bin/../lib/gcc/arm-none-eabi/5.4.1/armv7-m/crtbegin.o

.eh_frame_hdr
 *(.eh_frame_hdr)

.eh_frame       0x000030a0        0x4
 *(.eh_frame)
 .eh_frame      0x000030a0        0x0 c:/program files (x86)/cypress/psoc creator/4.4/psoc creator/import/gnu/arm/5.4.1/bin/../lib/gcc/arm-none-eabi/5.4.1/armv7-m/crtbegin.o
 .eh_frame      0x000030a0        0x4 c:/program files (x86)/cypress/psoc creator/4.4/psoc creator/import/gnu/arm/5.4.1/bin/../lib/gcc/arm-none-eabi/5.4.1/armv7-m/crtend.o
                [!provide]                PROVIDE (__exidx_start, .)

.ARM.exidx
 *(.ARM.exidx* .gnu.linkonce.armexidx.*)
                0x000030a4                __exidx_end = .

.rodata         0x000030a8      0x258
 *(.rodata .rodata.* .gnu.linkonce.r.*)
 .rodata.str1.4
                0x000030a8       0x10 .\CortexM3\ARM_GCC_541\Debug\main.o
                                  0xd (size before relaxing)
 .rodata        0x000030b8       0x36 .\CortexM3\ARM_GCC_541\Debug\cyfitter_cfg.o
                0x000030b8                ADC_AMux__addrTable
                0x000030c0                ADC_AMux__maskTable
 *fill*         0x000030ee        0x2 
 .rodata.npio2_hw
                0x000030f0       0x80 c:/program files (x86)/cypress/psoc creator/4.4/psoc creator/import/gnu/arm/5.4.1/bin/../lib/gcc/arm-none-eabi/5.4.1/../../../../arm-none-eabi/lib/armv7-m\libm.a(lib_a-e_rem_pio2.o)
 .rodata.two_over_pi
                0x00003170      0x108 c:/program files (x86)/cypress/psoc creator/4.4/psoc creator/import/gnu/arm/5.4.1/bin/../lib/gcc/arm-none-eabi/5.4.1/../../../../arm-none-eabi/lib/armv7-m\libm.a(lib_a-e_rem_pio2.o)
 .rodata.init_jk
                0x00003278       0x10 c:/program files (x86)/cypress/psoc creator/4.4/psoc creator/import/gnu/arm/5.4.1/bin/../lib/gcc/arm-none-eabi/5.4.1/../../../../arm-none-eabi/lib/armv7-m\libm.a(lib_a-k_rem_pio2.o)
 .rodata.PIo2   0x00003288       0x40 c:/program files (x86)/cypress/psoc creator/4.4/psoc creator/import/gnu/arm/5.4.1/bin/../lib/gcc/arm-none-eabi/5.4.1/../../../../arm-none-eabi/lib/armv7-m\libm.a(lib_a-k_rem_pio2.o)
 .rodata.str1.1
                0x000032c8        0x2 c:/program files (x86)/cypress/psoc creator/4.4/psoc creator/import/gnu/arm/5.4.1/bin/../lib/gcc/arm-none-eabi/5.4.1/../../../../arm-none-eabi/lib/armv7-m\libg_nano.a(lib_a-impure.o)
                0x000032cc                . = ALIGN (0x4)
 *fill*         0x000032ca        0x2 
 *(.init)
 .init          0x000032cc        0x4 c:/program files (x86)/cypress/psoc creator/4.4/psoc creator/import/gnu/arm/5.4.1/bin/../lib/gcc/arm-none-eabi/5.4.1/armv7-m/crti.o
                0x000032cc                _init
 .init          0x000032d0        0x8 c:/program files (x86)/cypress/psoc creator/4.4/psoc creator/import/gnu/arm/5.4.1/bin/../lib/gcc/arm-none-eabi/5.4.1/armv7-m/crtn.o
                0x000032d8                . = ALIGN (0x4)
                0x000032d8                __preinit_array_start = .
 *(.preinit_array)
                0x000032d8                __preinit_array_end = .
                0x000032d8                . = ALIGN (0x4)
                0x000032d8                __init_array_start = .
 *(SORT(.init_array.*))
 *(.init_array)
 .init_array    0x000032d8        0x4 c:/program files (x86)/cypress/psoc creator/4.4/psoc creator/import/gnu/arm/5.4.1/bin/../lib/gcc/arm-none-eabi/5.4.1/armv7-m/crtbegin.o
 .init_array    0x000032dc        0x4 .\CortexM3\ARM_GCC_541\Debug\Cm3Start.o
                0x000032e0                __init_array_end = .
                0x000032e0                . = ALIGN (0x4)
 *(.fini)
 .fini          0x000032e0        0x4 c:/program files (x86)/cypress/psoc creator/4.4/psoc creator/import/gnu/arm/5.4.1/bin/../lib/gcc/arm-none-eabi/5.4.1/armv7-m/crti.o
                0x000032e0                _fini
 .fini          0x000032e4        0x8 c:/program files (x86)/cypress/psoc creator/4.4/psoc creator/import/gnu/arm/5.4.1/bin/../lib/gcc/arm-none-eabi/5.4.1/armv7-m/crtn.o
                0x000032ec                . = ALIGN (0x4)
                0x000032ec                __fini_array_start = .
 *(.fini_array)
 .fini_array    0x000032ec        0x4 c:/program files (x86)/cypress/psoc creator/4.4/psoc creator/import/gnu/arm/5.4.1/bin/../lib/gcc/arm-none-eabi/5.4.1/armv7-m/crtbegin.o
 *(SORT(.fini_array.*))
                0x000032f0                __fini_array_end = .
                0x000032f0                . = ALIGN (0x4)
 *crtbegin.o(.ctors)
 *(EXCLUDE_FILE(*crtend.o) .ctors)
 *(SORT(.ctors.*))
 *crtend.o(.ctors)
                0x000032f0                . = ALIGN (0x4)
 *crtbegin.o(.dtors)
 *(EXCLUDE_FILE(*crtend.o) .dtors)
 *(SORT(.dtors.*))
 *crtend.o(.dtors)
                0x000032f0                . = ALIGN (0x4)
                0x000032f0                __cy_regions = .
                0x000032f0        0x4 LONG 0x3300 __cy_region_init_ram
                0x000032f4        0x4 LONG 0x1fff80c8 __cy_region_start_data
                0x000032f8        0x4 LONG 0x78 __cy_region_init_size_ram
                0x000032fc        0x4 LONG 0x350 __cy_region_zero_size_ram
                0x00003300                __cy_regions_end = .
                0x00003300                . = ALIGN (0x8)
                0x00003300                _etext = .

.cy_checksum_exclude
                0x00003300        0x0
 *(.cy_checksum_exclude)

.ramvectors     0x1fff8000       0xc0
                0x1fff8000                __cy_region_start_ram = .
 *(.ramvectors)
 .ramvectors    0x1fff8000       0xc0 .\CortexM3\ARM_GCC_541\Debug\Cm3Start.o
                0x1fff8000                CyRamVectors

.noinit         0x1fff80c0        0x1
 *(.noinit)
 .noinit        0x1fff80c0        0x1 .\CortexM3\ARM_GCC_541\Debug\Design01.a(CyLib.o)
                0x1fff80c0                CyResetStatus

.data           0x1fff80c8       0x78 load address 0x00003300
                0x1fff80c8                __cy_region_start_data = .
 *(.jcr)
 .jcr           0x1fff80c8        0x0 c:/program files (x86)/cypress/psoc creator/4.4/psoc creator/import/gnu/arm/5.4.1/bin/../lib/gcc/arm-none-eabi/5.4.1/armv7-m/crtbegin.o
 .jcr           0x1fff80c8        0x4 c:/program files (x86)/cypress/psoc creator/4.4/psoc creator/import/gnu/arm/5.4.1/bin/../lib/gcc/arm-none-eabi/5.4.1/armv7-m/crtend.o
 *(.got.plt)
 *(.got)
 *(.shdata)
 *(.data .data.* .gnu.linkonce.d.*)
 .data          0x1fff80cc       0x10 .\CortexM3\ARM_GCC_541\Debug\Design01.a(CyLib.o)
                0x1fff80cc                cydelay_32k_ms
                0x1fff80d0                cydelay_freq_khz
                0x1fff80d4                cydelay_freq_mhz
                0x1fff80d8                cydelay_freq_hz
 .data.impure_data
                0x1fff80dc       0x60 c:/program files (x86)/cypress/psoc creator/4.4/psoc creator/import/gnu/arm/5.4.1/bin/../lib/gcc/arm-none-eabi/5.4.1/../../../../arm-none-eabi/lib/armv7-m\libg_nano.a(lib_a-impure.o)
 .data._impure_ptr
                0x1fff813c        0x4 c:/program files (x86)/cypress/psoc creator/4.4/psoc creator/import/gnu/arm/5.4.1/bin/../lib/gcc/arm-none-eabi/5.4.1/../../../../arm-none-eabi/lib/armv7-m\libg_nano.a(lib_a-impure.o)
                0x1fff813c                _impure_ptr
                0x1fff8140                . = ALIGN (0x8)
 *(.ram)
                0x1fff8140                _edata = .

.igot.plt       0x1fff8140        0x0 load address 0x00003378
 .igot.plt      0x1fff8140        0x0 c:/program files (x86)/cypress/psoc creator/4.4/psoc creator/import/gnu/arm/5.4.1/bin/../lib/gcc/arm-none-eabi/5.4.1/armv7-m/crtbegin.o

.bss            0x1fff8140      0x350 load address 0x00003378
                0x1fff8140                PROVIDE (__bss_start__, .)
 *(.shbss)
 *(.bss .bss.* .gnu.linkonce.b.*)
 .bss           0x1fff8140       0x1c c:/program files (x86)/cypress/psoc creator/4.4/psoc creator/import/gnu/arm/5.4.1/bin/../lib/gcc/arm-none-eabi/5.4.1/armv7-m/crtbegin.o
 .bss           0x1fff815c        0xa .\CortexM3\ARM_GCC_541\Debug\main.o
                0x1fff815c                incrementFlag
                0x1fff8160                score
                0x1fff8164                cnt0
 .bss           0x1fff8166        0x2 .\CortexM3\ARM_GCC_541\Debug\Design01.a(LCD.o)
                0x1fff8166                LCD_enableState
                0x1fff8167                LCD_initVar
 .bss           0x1fff8168        0x1 .\CortexM3\ARM_GCC_541\Debug\Design01.a(MyTimer.o)
                0x1fff8168                MyTimer_initVar
 .bss           0x1fff8169        0x1 .\CortexM3\ARM_GCC_541\Debug\Design01.a(Timer_keyboard_ISR.o)
                0x1fff8169                Timer_keyboard_ISR_initVar
 .bss           0x1fff816a        0x1 .\CortexM3\ARM_GCC_541\Debug\Design01.a(VDAC8_1.o)
                0x1fff816a                VDAC8_1_initVar
 *(COMMON)
 *fill*         0x1fff816b        0x1 
 COMMON         0x1fff816c      0x320 .\CortexM3\ARM_GCC_541\Debug\main.o
                0x1fff816c                signalDuck
                0x1fff82fc                signalJump
                0x1fff8490                . = ALIGN (0x8)
 *fill*         0x1fff848c        0x4 
 *(.ram.b)
                0x1fff8490                _end = .
                0x1fff8490                __end = .
                0x1fff8490                PROVIDE (end, .)
                0x1fff8490                PROVIDE (__bss_end__, .)
                0x00003300                __cy_region_init_ram = LOADADDR (.data)
                0x00000078                __cy_region_init_size_ram = (_edata - ADDR (.data))
                0x00000350                __cy_region_zero_size_ram = (_end - _edata)

.heap           0x1fff8490       0x80 load address 0x00003378
                0x1fff8490                . = _end
                0x1fff8510                . = (. + 0x80)
 *fill*         0x1fff8490       0x80 
                0x1fff8510                __cy_heap_limit = .

.stack          0x20007800      0x800
                0x20007800                __cy_stack_limit = .
                0x20008000                . = (. + 0x800)
 *fill*         0x20007800      0x800 
                0x00000001                ASSERT ((__cy_stack_limit >= __cy_heap_limit), region RAM overflowed with stack)
                0x00000000                cy_checksum_exclude_size = (CY_APPL_LOADABLE == 0x1)?SIZEOF (.cy_checksum_exclude):0x0
                0x00000001                ASSERT ((cy_checksum_exclude_size <= CY_CHECKSUM_EXCLUDE_SIZE), CY_BOOT: Section .cy_checksum_exclude size exceedes specified limit.)

.cyloadermeta
 *(.cyloadermeta)

.cyloadablemeta
 *(.cyloadablemeta)

.cyconfigecc    0x80000000      0x55c
 *(.cyconfigecc)
 .cyconfigecc   0x80000000      0x55c .\CortexM3\ARM_GCC_541\Debug\cymetadata.o
                0x80000000                cy_meta_configecc

.cycustnvl      0x90000000        0x4
 *(.cycustnvl)
 .cycustnvl     0x90000000        0x4 .\CortexM3\ARM_GCC_541\Debug\cymetadata.o
                0x90000000                cy_meta_custnvl

.cywolatch      0x90100000        0x4
 *(.cywolatch)
 .cywolatch     0x90100000        0x4 .\CortexM3\ARM_GCC_541\Debug\cymetadata.o
                0x90100000                cy_meta_wonvl

.cyeeprom       0x90200000        0x0
 *(.cyeeprom)
                0x00000001                ASSERT ((. <= ((0x90200000 + ee_offset) + ee_size)), .cyeeprom data will not fit in EEPROM)

.cyflashprotect
                0x90400000      0x100
 *(.cyflashprotect)
 .cyflashprotect
                0x90400000      0x100 .\CortexM3\ARM_GCC_541\Debug\cymetadata.o
                0x90400000                cy_meta_flashprotect

.cymeta         0x90500000        0xc
 *(.cymeta)
 .cymeta        0x90500000        0xc .\CortexM3\ARM_GCC_541\Debug\cymetadata.o
                0x90500000                cy_metadata

.rel.dyn        0x00003378        0x0 load address 0x9050000c
 .rel.iplt      0x00003378        0x0 c:/program files (x86)/cypress/psoc creator/4.4/psoc creator/import/gnu/arm/5.4.1/bin/../lib/gcc/arm-none-eabi/5.4.1/armv7-m/crtbegin.o

.stab
 *(.stab)

.stabstr
 *(.stabstr)

.debug
 *(.debug)

.line
 *(.line)

.debug_srcinfo
 *(.debug_srcinfo)

.debug_sfnames
 *(.debug_sfnames)

.debug_aranges  0x00000000      0xcc0
 *(.debug_aranges)
 .debug_aranges
                0x00000000       0x80 .\CortexM3\ARM_GCC_541\Debug\main.o
 .debug_aranges
                0x00000080       0x28 .\CortexM3\ARM_GCC_541\Debug\keypad.o
 .debug_aranges
                0x000000a8       0x68 .\CortexM3\ARM_GCC_541\Debug\cyfitter_cfg.o
 .debug_aranges
                0x00000110       0x18 .\CortexM3\ARM_GCC_541\Debug\cymetadata.o
 .debug_aranges
                0x00000128       0x48 .\CortexM3\ARM_GCC_541\Debug\Cm3Start.o
 .debug_aranges
                0x00000170      0x2a0 .\CortexM3\ARM_GCC_541\Debug\Design01.a(CyLib.o)
 .debug_aranges
                0x00000410       0x98 .\CortexM3\ARM_GCC_541\Debug\Design01.a(cyPm.o)
 .debug_aranges
                0x000004a8       0x38 .\CortexM3\ARM_GCC_541\Debug\Design01.a(SW1.o)
 .debug_aranges
                0x000004e0       0x38 .\CortexM3\ARM_GCC_541\Debug\Design01.a(SW2.o)
 .debug_aranges
                0x00000518       0x38 .\CortexM3\ARM_GCC_541\Debug\Design01.a(SW3.o)
 .debug_aranges
                0x00000550       0x38 .\CortexM3\ARM_GCC_541\Debug\Design01.a(LED1.o)
 .debug_aranges
                0x00000588       0x38 .\CortexM3\ARM_GCC_541\Debug\Design01.a(LED2.o)
 .debug_aranges
                0x000005c0       0x38 .\CortexM3\ARM_GCC_541\Debug\Design01.a(LED3.o)
 .debug_aranges
                0x000005f8       0x38 .\CortexM3\ARM_GCC_541\Debug\Design01.a(LED4.o)
 .debug_aranges
                0x00000630       0x98 .\CortexM3\ARM_GCC_541\Debug\Design01.a(LCD.o)
 .debug_aranges
                0x000006c8       0xf0 .\CortexM3\ARM_GCC_541\Debug\Design01.a(UART.o)
 .debug_aranges
                0x000007b8       0x70 .\CortexM3\ARM_GCC_541\Debug\Design01.a(UART_IntClock.o)
 .debug_aranges
                0x00000828       0x88 .\CortexM3\ARM_GCC_541\Debug\Design01.a(MyTimer.o)
 .debug_aranges
                0x000008b0       0x38 .\CortexM3\ARM_GCC_541\Debug\Design01.a(ROW0.o)
 .debug_aranges
                0x000008e8       0x38 .\CortexM3\ARM_GCC_541\Debug\Design01.a(ROW1.o)
 .debug_aranges
                0x00000920       0x38 .\CortexM3\ARM_GCC_541\Debug\Design01.a(ROW2.o)
 .debug_aranges
                0x00000958       0x38 .\CortexM3\ARM_GCC_541\Debug\Design01.a(ROW3.o)
 .debug_aranges
                0x00000990       0x38 .\CortexM3\ARM_GCC_541\Debug\Design01.a(COL1.o)
 .debug_aranges
                0x000009c8       0x38 .\CortexM3\ARM_GCC_541\Debug\Design01.a(COL2.o)
 .debug_aranges
                0x00000a00       0x38 .\CortexM3\ARM_GCC_541\Debug\Design01.a(COL3.o)
 .debug_aranges
                0x00000a38       0x80 .\CortexM3\ARM_GCC_541\Debug\Design01.a(isr.o)
 .debug_aranges
                0x00000ab8       0x88 .\CortexM3\ARM_GCC_541\Debug\Design01.a(Timer_keyboard_ISR.o)
 .debug_aranges
                0x00000b40       0x58 .\CortexM3\ARM_GCC_541\Debug\Design01.a(VDAC8_1.o)
 .debug_aranges
                0x00000b98       0x20 .\CortexM3\ARM_GCC_541\Debug\Design01.a(CyBootAsmGnu.o)
 .debug_aranges
                0x00000bb8       0x88 .\CortexM3\ARM_GCC_541\Debug\Design01.a(CyFlash.o)
 .debug_aranges
                0x00000c40       0x80 .\CortexM3\ARM_GCC_541\Debug\Design01.a(CySpc.o)

.debug_pubnames
 *(.debug_pubnames)

.debug_info     0x00000000     0x686f
 *(.debug_info .gnu.linkonce.wi.*)
 .debug_info    0x00000000      0x6dd .\CortexM3\ARM_GCC_541\Debug\main.o
 .debug_info    0x000006dd      0x380 .\CortexM3\ARM_GCC_541\Debug\keypad.o
 .debug_info    0x00000a5d      0x60d .\CortexM3\ARM_GCC_541\Debug\cyfitter_cfg.o
 .debug_info    0x0000106a      0x136 .\CortexM3\ARM_GCC_541\Debug\cymetadata.o
 .debug_info    0x000011a0      0x3bb .\CortexM3\ARM_GCC_541\Debug\Cm3Start.o
 .debug_info    0x0000155b     0x1374 .\CortexM3\ARM_GCC_541\Debug\Design01.a(CyLib.o)
 .debug_info    0x000028cf      0xa2a .\CortexM3\ARM_GCC_541\Debug\Design01.a(cyPm.o)
 .debug_info    0x000032f9      0x11f .\CortexM3\ARM_GCC_541\Debug\Design01.a(SW1.o)
 .debug_info    0x00003418      0x11f .\CortexM3\ARM_GCC_541\Debug\Design01.a(SW2.o)
 .debug_info    0x00003537      0x11f .\CortexM3\ARM_GCC_541\Debug\Design01.a(SW3.o)
 .debug_info    0x00003656      0x11f .\CortexM3\ARM_GCC_541\Debug\Design01.a(LED1.o)
 .debug_info    0x00003775      0x11f .\CortexM3\ARM_GCC_541\Debug\Design01.a(LED2.o)
 .debug_info    0x00003894      0x11f .\CortexM3\ARM_GCC_541\Debug\Design01.a(LED3.o)
 .debug_info    0x000039b3      0x11f .\CortexM3\ARM_GCC_541\Debug\Design01.a(LED4.o)
 .debug_info    0x00003ad2      0x715 .\CortexM3\ARM_GCC_541\Debug\Design01.a(LCD.o)
 .debug_info    0x000041e7      0x60c .\CortexM3\ARM_GCC_541\Debug\Design01.a(UART.o)
 .debug_info    0x000047f3      0x283 .\CortexM3\ARM_GCC_541\Debug\Design01.a(UART_IntClock.o)
 .debug_info    0x00004a76      0x295 .\CortexM3\ARM_GCC_541\Debug\Design01.a(MyTimer.o)
 .debug_info    0x00004d0b      0x11f .\CortexM3\ARM_GCC_541\Debug\Design01.a(ROW0.o)
 .debug_info    0x00004e2a      0x11f .\CortexM3\ARM_GCC_541\Debug\Design01.a(ROW1.o)
 .debug_info    0x00004f49      0x11f .\CortexM3\ARM_GCC_541\Debug\Design01.a(ROW2.o)
 .debug_info    0x00005068      0x11f .\CortexM3\ARM_GCC_541\Debug\Design01.a(ROW3.o)
 .debug_info    0x00005187      0x11f .\CortexM3\ARM_GCC_541\Debug\Design01.a(COL1.o)
 .debug_info    0x000052a6      0x11f .\CortexM3\ARM_GCC_541\Debug\Design01.a(COL2.o)
 .debug_info    0x000053c5      0x11f .\CortexM3\ARM_GCC_541\Debug\Design01.a(COL3.o)
 .debug_info    0x000054e4      0x2d2 .\CortexM3\ARM_GCC_541\Debug\Design01.a(isr.o)
 .debug_info    0x000057b6      0x293 .\CortexM3\ARM_GCC_541\Debug\Design01.a(Timer_keyboard_ISR.o)
 .debug_info    0x00005a49      0x1e0 .\CortexM3\ARM_GCC_541\Debug\Design01.a(VDAC8_1.o)
 .debug_info    0x00005c29       0xa9 .\CortexM3\ARM_GCC_541\Debug\Design01.a(CyBootAsmGnu.o)
 .debug_info    0x00005cd2      0x64d .\CortexM3\ARM_GCC_541\Debug\Design01.a(CyFlash.o)
 .debug_info    0x0000631f      0x550 .\CortexM3\ARM_GCC_541\Debug\Design01.a(CySpc.o)

.debug_abbrev   0x00000000     0x1e9b
 *(.debug_abbrev)
 .debug_abbrev  0x00000000      0x188 .\CortexM3\ARM_GCC_541\Debug\main.o
 .debug_abbrev  0x00000188       0xc5 .\CortexM3\ARM_GCC_541\Debug\keypad.o
 .debug_abbrev  0x0000024d      0x21e .\CortexM3\ARM_GCC_541\Debug\cyfitter_cfg.o
 .debug_abbrev  0x0000046b       0x77 .\CortexM3\ARM_GCC_541\Debug\cymetadata.o
 .debug_abbrev  0x000004e2      0x1e8 .\CortexM3\ARM_GCC_541\Debug\Cm3Start.o
 .debug_abbrev  0x000006ca      0x254 .\CortexM3\ARM_GCC_541\Debug\Design01.a(CyLib.o)
 .debug_abbrev  0x0000091e      0x1ab .\CortexM3\ARM_GCC_541\Debug\Design01.a(cyPm.o)
 .debug_abbrev  0x00000ac9       0x90 .\CortexM3\ARM_GCC_541\Debug\Design01.a(SW1.o)
 .debug_abbrev  0x00000b59       0x90 .\CortexM3\ARM_GCC_541\Debug\Design01.a(SW2.o)
 .debug_abbrev  0x00000be9       0x90 .\CortexM3\ARM_GCC_541\Debug\Design01.a(SW3.o)
 .debug_abbrev  0x00000c79       0x90 .\CortexM3\ARM_GCC_541\Debug\Design01.a(LED1.o)
 .debug_abbrev  0x00000d09       0x90 .\CortexM3\ARM_GCC_541\Debug\Design01.a(LED2.o)
 .debug_abbrev  0x00000d99       0x90 .\CortexM3\ARM_GCC_541\Debug\Design01.a(LED3.o)
 .debug_abbrev  0x00000e29       0x90 .\CortexM3\ARM_GCC_541\Debug\Design01.a(LED4.o)
 .debug_abbrev  0x00000eb9      0x157 .\CortexM3\ARM_GCC_541\Debug\Design01.a(LCD.o)
 .debug_abbrev  0x00001010      0x175 .\CortexM3\ARM_GCC_541\Debug\Design01.a(UART.o)
 .debug_abbrev  0x00001185      0x139 .\CortexM3\ARM_GCC_541\Debug\Design01.a(UART_IntClock.o)
 .debug_abbrev  0x000012be      0x11a .\CortexM3\ARM_GCC_541\Debug\Design01.a(MyTimer.o)
 .debug_abbrev  0x000013d8       0x90 .\CortexM3\ARM_GCC_541\Debug\Design01.a(ROW0.o)
 .debug_abbrev  0x00001468       0x90 .\CortexM3\ARM_GCC_541\Debug\Design01.a(ROW1.o)
 .debug_abbrev  0x000014f8       0x90 .\CortexM3\ARM_GCC_541\Debug\Design01.a(ROW2.o)
 .debug_abbrev  0x00001588       0x90 .\CortexM3\ARM_GCC_541\Debug\Design01.a(ROW3.o)
 .debug_abbrev  0x00001618       0x90 .\CortexM3\ARM_GCC_541\Debug\Design01.a(COL1.o)
 .debug_abbrev  0x000016a8       0x90 .\CortexM3\ARM_GCC_541\Debug\Design01.a(COL2.o)
 .debug_abbrev  0x00001738       0x90 .\CortexM3\ARM_GCC_541\Debug\Design01.a(COL3.o)
 .debug_abbrev  0x000017c8      0x173 .\CortexM3\ARM_GCC_541\Debug\Design01.a(isr.o)
 .debug_abbrev  0x0000193b      0x11a .\CortexM3\ARM_GCC_541\Debug\Design01.a(Timer_keyboard_ISR.o)
 .debug_abbrev  0x00001a55       0xf7 .\CortexM3\ARM_GCC_541\Debug\Design01.a(VDAC8_1.o)
 .debug_abbrev  0x00001b4c       0x14 .\CortexM3\ARM_GCC_541\Debug\Design01.a(CyBootAsmGnu.o)
 .debug_abbrev  0x00001b60      0x1a7 .\CortexM3\ARM_GCC_541\Debug\Design01.a(CyFlash.o)
 .debug_abbrev  0x00001d07      0x194 .\CortexM3\ARM_GCC_541\Debug\Design01.a(CySpc.o)

.debug_line     0x00000000     0x2e4b
 *(.debug_line)
 .debug_line    0x00000000      0x3b8 .\CortexM3\ARM_GCC_541\Debug\main.o
 .debug_line    0x000003b8      0x1ec .\CortexM3\ARM_GCC_541\Debug\keypad.o
 .debug_line    0x000005a4      0x20d .\CortexM3\ARM_GCC_541\Debug\cyfitter_cfg.o
 .debug_line    0x000007b1      0x141 .\CortexM3\ARM_GCC_541\Debug\cymetadata.o
 .debug_line    0x000008f2      0x234 .\CortexM3\ARM_GCC_541\Debug\Cm3Start.o
 .debug_line    0x00000b26      0x816 .\CortexM3\ARM_GCC_541\Debug\Design01.a(CyLib.o)
 .debug_line    0x0000133c      0x367 .\CortexM3\ARM_GCC_541\Debug\Design01.a(cyPm.o)
 .debug_line    0x000016a3       0x90 .\CortexM3\ARM_GCC_541\Debug\Design01.a(SW1.o)
 .debug_line    0x00001733       0x90 .\CortexM3\ARM_GCC_541\Debug\Design01.a(SW2.o)
 .debug_line    0x000017c3       0x90 .\CortexM3\ARM_GCC_541\Debug\Design01.a(SW3.o)
 .debug_line    0x00001853       0x91 .\CortexM3\ARM_GCC_541\Debug\Design01.a(LED1.o)
 .debug_line    0x000018e4       0x91 .\CortexM3\ARM_GCC_541\Debug\Design01.a(LED2.o)
 .debug_line    0x00001975       0x91 .\CortexM3\ARM_GCC_541\Debug\Design01.a(LED3.o)
 .debug_line    0x00001a06       0x91 .\CortexM3\ARM_GCC_541\Debug\Design01.a(LED4.o)
 .debug_line    0x00001a97      0x1dc .\CortexM3\ARM_GCC_541\Debug\Design01.a(LCD.o)
 .debug_line    0x00001c73      0x2bc .\CortexM3\ARM_GCC_541\Debug\Design01.a(UART.o)
 .debug_line    0x00001f2f      0x17c .\CortexM3\ARM_GCC_541\Debug\Design01.a(UART_IntClock.o)
 .debug_line    0x000020ab      0x155 .\CortexM3\ARM_GCC_541\Debug\Design01.a(MyTimer.o)
 .debug_line    0x00002200       0x91 .\CortexM3\ARM_GCC_541\Debug\Design01.a(ROW0.o)
 .debug_line    0x00002291       0x91 .\CortexM3\ARM_GCC_541\Debug\Design01.a(ROW1.o)
 .debug_line    0x00002322       0x91 .\CortexM3\ARM_GCC_541\Debug\Design01.a(ROW2.o)
 .debug_line    0x000023b3       0x91 .\CortexM3\ARM_GCC_541\Debug\Design01.a(ROW3.o)
 .debug_line    0x00002444       0x91 .\CortexM3\ARM_GCC_541\Debug\Design01.a(COL1.o)
 .debug_line    0x000024d5       0x91 .\CortexM3\ARM_GCC_541\Debug\Design01.a(COL2.o)
 .debug_line    0x00002566       0x91 .\CortexM3\ARM_GCC_541\Debug\Design01.a(COL3.o)
 .debug_line    0x000025f7      0x130 .\CortexM3\ARM_GCC_541\Debug\Design01.a(isr.o)
 .debug_line    0x00002727      0x160 .\CortexM3\ARM_GCC_541\Debug\Design01.a(Timer_keyboard_ISR.o)
 .debug_line    0x00002887       0xe4 .\CortexM3\ARM_GCC_541\Debug\Design01.a(VDAC8_1.o)
 .debug_line    0x0000296b       0x66 .\CortexM3\ARM_GCC_541\Debug\Design01.a(CyBootAsmGnu.o)
 .debug_line    0x000029d1      0x21a .\CortexM3\ARM_GCC_541\Debug\Design01.a(CyFlash.o)
 .debug_line    0x00002beb      0x260 .\CortexM3\ARM_GCC_541\Debug\Design01.a(CySpc.o)

.debug_frame    0x00000000     0x1fc0
 *(.debug_frame)
 .debug_frame   0x00000000      0x174 .\CortexM3\ARM_GCC_541\Debug\main.o
 .debug_frame   0x00000174       0x48 .\CortexM3\ARM_GCC_541\Debug\keypad.o
 .debug_frame   0x000001bc      0x104 .\CortexM3\ARM_GCC_541\Debug\cyfitter_cfg.o
 .debug_frame   0x000002c0       0xb8 .\CortexM3\ARM_GCC_541\Debug\Cm3Start.o
 .debug_frame   0x00000378      0x738 .\CortexM3\ARM_GCC_541\Debug\Design01.a(CyLib.o)
 .debug_frame   0x00000ab0      0x1f8 .\CortexM3\ARM_GCC_541\Debug\Design01.a(cyPm.o)
 .debug_frame   0x00000ca8       0x50 .\CortexM3\ARM_GCC_541\Debug\Design01.a(SW1.o)
 .debug_frame   0x00000cf8       0x50 .\CortexM3\ARM_GCC_541\Debug\Design01.a(SW2.o)
 .debug_frame   0x00000d48       0x50 .\CortexM3\ARM_GCC_541\Debug\Design01.a(SW3.o)
 .debug_frame   0x00000d98       0x50 .\CortexM3\ARM_GCC_541\Debug\Design01.a(LED1.o)
 .debug_frame   0x00000de8       0x50 .\CortexM3\ARM_GCC_541\Debug\Design01.a(LED2.o)
 .debug_frame   0x00000e38       0x50 .\CortexM3\ARM_GCC_541\Debug\Design01.a(LED3.o)
 .debug_frame   0x00000e88       0x50 .\CortexM3\ARM_GCC_541\Debug\Design01.a(LED4.o)
 .debug_frame   0x00000ed8      0x1e8 .\CortexM3\ARM_GCC_541\Debug\Design01.a(LCD.o)
 .debug_frame   0x000010c0      0x250 .\CortexM3\ARM_GCC_541\Debug\Design01.a(UART.o)
 .debug_frame   0x00001310       0xe0 .\CortexM3\ARM_GCC_541\Debug\Design01.a(UART_IntClock.o)
 .debug_frame   0x000013f0      0x108 .\CortexM3\ARM_GCC_541\Debug\Design01.a(MyTimer.o)
 .debug_frame   0x000014f8       0x50 .\CortexM3\ARM_GCC_541\Debug\Design01.a(ROW0.o)
 .debug_frame   0x00001548       0x50 .\CortexM3\ARM_GCC_541\Debug\Design01.a(ROW1.o)
 .debug_frame   0x00001598       0x50 .\CortexM3\ARM_GCC_541\Debug\Design01.a(ROW2.o)
 .debug_frame   0x000015e8       0x50 .\CortexM3\ARM_GCC_541\Debug\Design01.a(ROW3.o)
 .debug_frame   0x00001638       0x50 .\CortexM3\ARM_GCC_541\Debug\Design01.a(COL1.o)
 .debug_frame   0x00001688       0x50 .\CortexM3\ARM_GCC_541\Debug\Design01.a(COL2.o)
 .debug_frame   0x000016d8       0x50 .\CortexM3\ARM_GCC_541\Debug\Design01.a(COL3.o)
 .debug_frame   0x00001728      0x104 .\CortexM3\ARM_GCC_541\Debug\Design01.a(isr.o)
 .debug_frame   0x0000182c      0x108 .\CortexM3\ARM_GCC_541\Debug\Design01.a(Timer_keyboard_ISR.o)
 .debug_frame   0x00001934       0xb4 .\CortexM3\ARM_GCC_541\Debug\Design01.a(VDAC8_1.o)
 .debug_frame   0x000019e8      0x194 .\CortexM3\ARM_GCC_541\Debug\Design01.a(CyFlash.o)
 .debug_frame   0x00001b7c      0x180 .\CortexM3\ARM_GCC_541\Debug\Design01.a(CySpc.o)
 .debug_frame   0x00001cfc       0x38 c:/program files (x86)/cypress/psoc creator/4.4/psoc creator/import/gnu/arm/5.4.1/bin/../lib/gcc/arm-none-eabi/5.4.1/../../../../arm-none-eabi/lib/armv7-m\libm.a(lib_a-s_sin.o)
 .debug_frame   0x00001d34       0x48 c:/program files (x86)/cypress/psoc creator/4.4/psoc creator/import/gnu/arm/5.4.1/bin/../lib/gcc/arm-none-eabi/5.4.1/../../../../arm-none-eabi/lib/armv7-m\libm.a(lib_a-e_rem_pio2.o)
 .debug_frame   0x00001d7c       0x4c c:/program files (x86)/cypress/psoc creator/4.4/psoc creator/import/gnu/arm/5.4.1/bin/../lib/gcc/arm-none-eabi/5.4.1/../../../../arm-none-eabi/lib/armv7-m\libm.a(lib_a-k_cos.o)
 .debug_frame   0x00001dc8       0x50 c:/program files (x86)/cypress/psoc creator/4.4/psoc creator/import/gnu/arm/5.4.1/bin/../lib/gcc/arm-none-eabi/5.4.1/../../../../arm-none-eabi/lib/armv7-m\libm.a(lib_a-k_rem_pio2.o)
 .debug_frame   0x00001e18       0x48 c:/program files (x86)/cypress/psoc creator/4.4/psoc creator/import/gnu/arm/5.4.1/bin/../lib/gcc/arm-none-eabi/5.4.1/../../../../arm-none-eabi/lib/armv7-m\libm.a(lib_a-k_sin.o)
 .debug_frame   0x00001e60       0x20 c:/program files (x86)/cypress/psoc creator/4.4/psoc creator/import/gnu/arm/5.4.1/bin/../lib/gcc/arm-none-eabi/5.4.1/../../../../arm-none-eabi/lib/armv7-m\libm.a(lib_a-s_fabs.o)
 .debug_frame   0x00001e80       0x34 c:/program files (x86)/cypress/psoc creator/4.4/psoc creator/import/gnu/arm/5.4.1/bin/../lib/gcc/arm-none-eabi/5.4.1/../../../../arm-none-eabi/lib/armv7-m\libm.a(lib_a-s_floor.o)
 .debug_frame   0x00001eb4       0x30 c:/program files (x86)/cypress/psoc creator/4.4/psoc creator/import/gnu/arm/5.4.1/bin/../lib/gcc/arm-none-eabi/5.4.1/../../../../arm-none-eabi/lib/armv7-m\libm.a(lib_a-s_scalbn.o)
 .debug_frame   0x00001ee4       0x20 c:/program files (x86)/cypress/psoc creator/4.4/psoc creator/import/gnu/arm/5.4.1/bin/../lib/gcc/arm-none-eabi/5.4.1/../../../../arm-none-eabi/lib/armv7-m\libm.a(lib_a-s_copysign.o)
 .debug_frame   0x00001f04       0x20 c:/program files (x86)/cypress/psoc creator/4.4/psoc creator/import/gnu/arm/5.4.1/bin/../lib/gcc/arm-none-eabi/5.4.1/../../../../arm-none-eabi/lib/armv7-m\libg_nano.a(lib_a-errno.o)
 .debug_frame   0x00001f24       0x28 c:/program files (x86)/cypress/psoc creator/4.4/psoc creator/import/gnu/arm/5.4.1/bin/../lib/gcc/arm-none-eabi/5.4.1/../../../../arm-none-eabi/lib/armv7-m\libg_nano.a(lib_a-exit.o)
 .debug_frame   0x00001f4c       0x2c c:/program files (x86)/cypress/psoc creator/4.4/psoc creator/import/gnu/arm/5.4.1/bin/../lib/gcc/arm-none-eabi/5.4.1/../../../../arm-none-eabi/lib/armv7-m\libg_nano.a(lib_a-init.o)
 .debug_frame   0x00001f78       0x28 c:/program files (x86)/cypress/psoc creator/4.4/psoc creator/import/gnu/arm/5.4.1/bin/../lib/gcc/arm-none-eabi/5.4.1/../../../../arm-none-eabi/lib/armv7-m\libg_nano.a(lib_a-memcpy-stub.o)
 .debug_frame   0x00001fa0       0x20 c:/program files (x86)/cypress/psoc creator/4.4/psoc creator/import/gnu/arm/5.4.1/bin/../lib/gcc/arm-none-eabi/5.4.1/../../../../arm-none-eabi/lib/armv7-m\libg_nano.a(lib_a-memset.o)

.debug_str      0x00000000     0x2351
 *(.debug_str)
 .debug_str     0x00000000      0x3b9 .\CortexM3\ARM_GCC_541\Debug\main.o
                                0x428 (size before relaxing)
 .debug_str     0x000003b9       0x5a .\CortexM3\ARM_GCC_541\Debug\keypad.o
                                0x235 (size before relaxing)
 .debug_str     0x00000413      0x1c6 .\CortexM3\ARM_GCC_541\Debug\cyfitter_cfg.o
                                0x374 (size before relaxing)
 .debug_str     0x000005d9       0x75 .\CortexM3\ARM_GCC_541\Debug\cymetadata.o
                                0x1fd (size before relaxing)
 .debug_str     0x0000064e      0x144 .\CortexM3\ARM_GCC_541\Debug\Cm3Start.o
                                0x323 (size before relaxing)
 .debug_str     0x00000792      0x84c .\CortexM3\ARM_GCC_541\Debug\Design01.a(CyLib.o)
                                0xa60 (size before relaxing)
 .debug_str     0x00000fde      0x365 .\CortexM3\ARM_GCC_541\Debug\Design01.a(cyPm.o)
                                0x74c (size before relaxing)
 .debug_str     0x00001343       0x53 .\CortexM3\ARM_GCC_541\Debug\Design01.a(SW1.o)
                                0x1f1 (size before relaxing)
 .debug_str     0x00001396       0x48 .\CortexM3\ARM_GCC_541\Debug\Design01.a(SW2.o)
                                0x1f1 (size before relaxing)
 .debug_str     0x000013de       0x48 .\CortexM3\ARM_GCC_541\Debug\Design01.a(SW3.o)
                                0x1f1 (size before relaxing)
 .debug_str     0x00001426       0x4b .\CortexM3\ARM_GCC_541\Debug\Design01.a(LED1.o)
                                0x1f6 (size before relaxing)
 .debug_str     0x00001471       0x4b .\CortexM3\ARM_GCC_541\Debug\Design01.a(LED2.o)
                                0x1f6 (size before relaxing)
 .debug_str     0x000014bc       0x4b .\CortexM3\ARM_GCC_541\Debug\Design01.a(LED3.o)
                                0x1f6 (size before relaxing)
 .debug_str     0x00001507       0x4b .\CortexM3\ARM_GCC_541\Debug\Design01.a(LED4.o)
                                0x1f6 (size before relaxing)
 .debug_str     0x00001552      0x11d .\CortexM3\ARM_GCC_541\Debug\Design01.a(LCD.o)
                                0x344 (size before relaxing)
 .debug_str     0x0000166f      0x28b .\CortexM3\ARM_GCC_541\Debug\Design01.a(UART.o)
                                0x48e (size before relaxing)
 .debug_str     0x000018fa      0x183 .\CortexM3\ARM_GCC_541\Debug\Design01.a(UART_IntClock.o)
                                0x34f (size before relaxing)
 .debug_str     0x00001a7d      0x144 .\CortexM3\ARM_GCC_541\Debug\Design01.a(MyTimer.o)
                                0x32e (size before relaxing)
 .debug_str     0x00001bc1       0x4c .\CortexM3\ARM_GCC_541\Debug\Design01.a(ROW0.o)
                                0x1f6 (size before relaxing)
 .debug_str     0x00001c0d       0x4c .\CortexM3\ARM_GCC_541\Debug\Design01.a(ROW1.o)
                                0x1f6 (size before relaxing)
 .debug_str     0x00001c59       0x4c .\CortexM3\ARM_GCC_541\Debug\Design01.a(ROW2.o)
                                0x1f6 (size before relaxing)
 .debug_str     0x00001ca5       0x4c .\CortexM3\ARM_GCC_541\Debug\Design01.a(ROW3.o)
                                0x1f6 (size before relaxing)
 .debug_str     0x00001cf1       0x4b .\CortexM3\ARM_GCC_541\Debug\Design01.a(COL1.o)
                                0x1f6 (size before relaxing)
 .debug_str     0x00001d3c       0x4b .\CortexM3\ARM_GCC_541\Debug\Design01.a(COL2.o)
                                0x1f6 (size before relaxing)
 .debug_str     0x00001d87       0x4b .\CortexM3\ARM_GCC_541\Debug\Design01.a(COL3.o)
                                0x1f6 (size before relaxing)
 .debug_str     0x00001dd2       0xbe .\CortexM3\ARM_GCC_541\Debug\Design01.a(isr.o)
                                0x2a3 (size before relaxing)
 .debug_str     0x00001e90      0x1c2 .\CortexM3\ARM_GCC_541\Debug\Design01.a(Timer_keyboard_ISR.o)
                                0x3de (size before relaxing)
 .debug_str     0x00002052       0x98 .\CortexM3\ARM_GCC_541\Debug\Design01.a(VDAC8_1.o)
                                0x24c (size before relaxing)
 .debug_str     0x000020ea      0x1bb .\CortexM3\ARM_GCC_541\Debug\Design01.a(CyFlash.o)
                                0x3d9 (size before relaxing)
 .debug_str     0x000022a5       0xac .\CortexM3\ARM_GCC_541\Debug\Design01.a(CySpc.o)
                                0x351 (size before relaxing)

.debug_loc      0x00000000     0x26fb
 *(.debug_loc)
 .debug_loc     0x00000000      0x141 .\CortexM3\ARM_GCC_541\Debug\main.o
 .debug_loc     0x00000141      0x219 .\CortexM3\ARM_GCC_541\Debug\cyfitter_cfg.o
 .debug_loc     0x0000035a      0x144 .\CortexM3\ARM_GCC_541\Debug\Cm3Start.o
 .debug_loc     0x0000049e      0xa11 .\CortexM3\ARM_GCC_541\Debug\Design01.a(CyLib.o)
 .debug_loc     0x00000eaf      0x1e4 .\CortexM3\ARM_GCC_541\Debug\Design01.a(cyPm.o)
 .debug_loc     0x00001093       0x42 .\CortexM3\ARM_GCC_541\Debug\Design01.a(SW1.o)
 .debug_loc     0x000010d5       0x42 .\CortexM3\ARM_GCC_541\Debug\Design01.a(SW2.o)
 .debug_loc     0x00001117       0x42 .\CortexM3\ARM_GCC_541\Debug\Design01.a(SW3.o)
 .debug_loc     0x00001159       0x42 .\CortexM3\ARM_GCC_541\Debug\Design01.a(LED1.o)
 .debug_loc     0x0000119b       0x42 .\CortexM3\ARM_GCC_541\Debug\Design01.a(LED2.o)
 .debug_loc     0x000011dd       0x42 .\CortexM3\ARM_GCC_541\Debug\Design01.a(LED3.o)
 .debug_loc     0x0000121f       0x42 .\CortexM3\ARM_GCC_541\Debug\Design01.a(LED4.o)
 .debug_loc     0x00001261      0x3c6 .\CortexM3\ARM_GCC_541\Debug\Design01.a(LCD.o)
 .debug_loc     0x00001627      0x258 .\CortexM3\ARM_GCC_541\Debug\Design01.a(UART.o)
 .debug_loc     0x0000187f      0x128 .\CortexM3\ARM_GCC_541\Debug\Design01.a(UART_IntClock.o)
 .debug_loc     0x000019a7       0x42 .\CortexM3\ARM_GCC_541\Debug\Design01.a(ROW0.o)
 .debug_loc     0x000019e9       0x42 .\CortexM3\ARM_GCC_541\Debug\Design01.a(ROW1.o)
 .debug_loc     0x00001a2b       0x42 .\CortexM3\ARM_GCC_541\Debug\Design01.a(ROW2.o)
 .debug_loc     0x00001a6d       0x42 .\CortexM3\ARM_GCC_541\Debug\Design01.a(ROW3.o)
 .debug_loc     0x00001aaf       0x42 .\CortexM3\ARM_GCC_541\Debug\Design01.a(COL1.o)
 .debug_loc     0x00001af1       0x42 .\CortexM3\ARM_GCC_541\Debug\Design01.a(COL2.o)
 .debug_loc     0x00001b33       0x42 .\CortexM3\ARM_GCC_541\Debug\Design01.a(COL3.o)
 .debug_loc     0x00001b75       0x56 .\CortexM3\ARM_GCC_541\Debug\Design01.a(isr.o)
 .debug_loc     0x00001bcb       0x79 .\CortexM3\ARM_GCC_541\Debug\Design01.a(VDAC8_1.o)
 .debug_loc     0x00001c44      0x3b2 .\CortexM3\ARM_GCC_541\Debug\Design01.a(CyFlash.o)
 .debug_loc     0x00001ff6      0x705 .\CortexM3\ARM_GCC_541\Debug\Design01.a(CySpc.o)

.debug_macinfo
 *(.debug_macinfo)

.debug_ranges   0x00000000      0xab8
 *(.debug_ranges)
 .debug_ranges  0x00000000       0x70 .\CortexM3\ARM_GCC_541\Debug\main.o
 .debug_ranges  0x00000070       0x18 .\CortexM3\ARM_GCC_541\Debug\keypad.o
 .debug_ranges  0x00000088       0x58 .\CortexM3\ARM_GCC_541\Debug\cyfitter_cfg.o
 .debug_ranges  0x000000e0       0x38 .\CortexM3\ARM_GCC_541\Debug\Cm3Start.o
 .debug_ranges  0x00000118      0x290 .\CortexM3\ARM_GCC_541\Debug\Design01.a(CyLib.o)
 .debug_ranges  0x000003a8       0x88 .\CortexM3\ARM_GCC_541\Debug\Design01.a(cyPm.o)
 .debug_ranges  0x00000430       0x28 .\CortexM3\ARM_GCC_541\Debug\Design01.a(SW1.o)
 .debug_ranges  0x00000458       0x28 .\CortexM3\ARM_GCC_541\Debug\Design01.a(SW2.o)
 .debug_ranges  0x00000480       0x28 .\CortexM3\ARM_GCC_541\Debug\Design01.a(SW3.o)
 .debug_ranges  0x000004a8       0x28 .\CortexM3\ARM_GCC_541\Debug\Design01.a(LED1.o)
 .debug_ranges  0x000004d0       0x28 .\CortexM3\ARM_GCC_541\Debug\Design01.a(LED2.o)
 .debug_ranges  0x000004f8       0x28 .\CortexM3\ARM_GCC_541\Debug\Design01.a(LED3.o)
 .debug_ranges  0x00000520       0x28 .\CortexM3\ARM_GCC_541\Debug\Design01.a(LED4.o)
 .debug_ranges  0x00000548       0x88 .\CortexM3\ARM_GCC_541\Debug\Design01.a(LCD.o)
 .debug_ranges  0x000005d0       0xe0 .\CortexM3\ARM_GCC_541\Debug\Design01.a(UART.o)
 .debug_ranges  0x000006b0       0x60 .\CortexM3\ARM_GCC_541\Debug\Design01.a(UART_IntClock.o)
 .debug_ranges  0x00000710       0x78 .\CortexM3\ARM_GCC_541\Debug\Design01.a(MyTimer.o)
 .debug_ranges  0x00000788       0x28 .\CortexM3\ARM_GCC_541\Debug\Design01.a(ROW0.o)
 .debug_ranges  0x000007b0       0x28 .\CortexM3\ARM_GCC_541\Debug\Design01.a(ROW1.o)
 .debug_ranges  0x000007d8       0x28 .\CortexM3\ARM_GCC_541\Debug\Design01.a(ROW2.o)
 .debug_ranges  0x00000800       0x28 .\CortexM3\ARM_GCC_541\Debug\Design01.a(ROW3.o)
 .debug_ranges  0x00000828       0x28 .\CortexM3\ARM_GCC_541\Debug\Design01.a(COL1.o)
 .debug_ranges  0x00000850       0x28 .\CortexM3\ARM_GCC_541\Debug\Design01.a(COL2.o)
 .debug_ranges  0x00000878       0x28 .\CortexM3\ARM_GCC_541\Debug\Design01.a(COL3.o)
 .debug_ranges  0x000008a0       0x70 .\CortexM3\ARM_GCC_541\Debug\Design01.a(isr.o)
 .debug_ranges  0x00000910       0x78 .\CortexM3\ARM_GCC_541\Debug\Design01.a(Timer_keyboard_ISR.o)
 .debug_ranges  0x00000988       0x48 .\CortexM3\ARM_GCC_541\Debug\Design01.a(VDAC8_1.o)
 .debug_ranges  0x000009d0       0x78 .\CortexM3\ARM_GCC_541\Debug\Design01.a(CyFlash.o)
 .debug_ranges  0x00000a48       0x70 .\CortexM3\ARM_GCC_541\Debug\Design01.a(CySpc.o)

.comment        0x00000000       0x6e
 .comment       0x00000000       0x6e .\CortexM3\ARM_GCC_541\Debug\main.o
                                 0x6f (size before relaxing)
 .comment       0x0000006e       0x6f .\CortexM3\ARM_GCC_541\Debug\keypad.o
 .comment       0x0000006e       0x6f .\CortexM3\ARM_GCC_541\Debug\cyfitter_cfg.o
 .comment       0x0000006e       0x6f .\CortexM3\ARM_GCC_541\Debug\cymetadata.o
 .comment       0x0000006e       0x6f .\CortexM3\ARM_GCC_541\Debug\Cm3Start.o
 .comment       0x0000006e       0x6f .\CortexM3\ARM_GCC_541\Debug\Design01.a(CyLib.o)
 .comment       0x0000006e       0x6f .\CortexM3\ARM_GCC_541\Debug\Design01.a(cyPm.o)
 .comment       0x0000006e       0x6f .\CortexM3\ARM_GCC_541\Debug\Design01.a(SW1.o)
 .comment       0x0000006e       0x6f .\CortexM3\ARM_GCC_541\Debug\Design01.a(SW2.o)
 .comment       0x0000006e       0x6f .\CortexM3\ARM_GCC_541\Debug\Design01.a(SW3.o)
 .comment       0x0000006e       0x6f .\CortexM3\ARM_GCC_541\Debug\Design01.a(LED1.o)
 .comment       0x0000006e       0x6f .\CortexM3\ARM_GCC_541\Debug\Design01.a(LED2.o)
 .comment       0x0000006e       0x6f .\CortexM3\ARM_GCC_541\Debug\Design01.a(LED3.o)
 .comment       0x0000006e       0x6f .\CortexM3\ARM_GCC_541\Debug\Design01.a(LED4.o)
 .comment       0x0000006e       0x6f .\CortexM3\ARM_GCC_541\Debug\Design01.a(LCD.o)
 .comment       0x0000006e       0x6f .\CortexM3\ARM_GCC_541\Debug\Design01.a(UART.o)
 .comment       0x0000006e       0x6f .\CortexM3\ARM_GCC_541\Debug\Design01.a(UART_IntClock.o)
 .comment       0x0000006e       0x6f .\CortexM3\ARM_GCC_541\Debug\Design01.a(MyTimer.o)
 .comment       0x0000006e       0x6f .\CortexM3\ARM_GCC_541\Debug\Design01.a(ROW0.o)
 .comment       0x0000006e       0x6f .\CortexM3\ARM_GCC_541\Debug\Design01.a(ROW1.o)
 .comment       0x0000006e       0x6f .\CortexM3\ARM_GCC_541\Debug\Design01.a(ROW2.o)
 .comment       0x0000006e       0x6f .\CortexM3\ARM_GCC_541\Debug\Design01.a(ROW3.o)
 .comment       0x0000006e       0x6f .\CortexM3\ARM_GCC_541\Debug\Design01.a(COL1.o)
 .comment       0x0000006e       0x6f .\CortexM3\ARM_GCC_541\Debug\Design01.a(COL2.o)
 .comment       0x0000006e       0x6f .\CortexM3\ARM_GCC_541\Debug\Design01.a(COL3.o)
 .comment       0x0000006e       0x6f .\CortexM3\ARM_GCC_541\Debug\Design01.a(isr.o)
 .comment       0x0000006e       0x6f .\CortexM3\ARM_GCC_541\Debug\Design01.a(Timer_keyboard_ISR.o)
 .comment       0x0000006e       0x6f .\CortexM3\ARM_GCC_541\Debug\Design01.a(VDAC8_1.o)
 .comment       0x0000006e       0x6f .\CortexM3\ARM_GCC_541\Debug\Design01.a(CyFlash.o)
 .comment       0x0000006e       0x6f .\CortexM3\ARM_GCC_541\Debug\Design01.a(CySpc.o)

.debug_weaknames
 *(.debug_weaknames)

.debug_funcnames
 *(.debug_funcnames)

.debug_typenames
 *(.debug_typenames)

.debug_varnames
 *(.debug_varnames)

.note.gnu.arm.ident
 *(.note.gnu.arm.ident)

.ARM.attributes
                0x00000000       0x29
 *(.ARM.attributes)
 .ARM.attributes
                0x00000000       0x1d c:/program files (x86)/cypress/psoc creator/4.4/psoc creator/import/gnu/arm/5.4.1/bin/../lib/gcc/arm-none-eabi/5.4.1/armv7-m/crti.o
 .ARM.attributes
                0x0000001d       0x2d c:/program files (x86)/cypress/psoc creator/4.4/psoc creator/import/gnu/arm/5.4.1/bin/../lib/gcc/arm-none-eabi/5.4.1/armv7-m/crtbegin.o
 .ARM.attributes
                0x0000004a       0x1b c:/program files (x86)/cypress/psoc creator/4.4/psoc creator/import/gnu/arm/5.4.1/bin/../lib/gcc/arm-none-eabi/5.4.1/../../../../arm-none-eabi/lib/armv7-m/crt0.o
 .ARM.attributes
                0x00000065       0x33 .\CortexM3\ARM_GCC_541\Debug\main.o
 .ARM.attributes
                0x00000098       0x33 .\CortexM3\ARM_GCC_541\Debug\keypad.o
 .ARM.attributes
                0x000000cb       0x33 .\CortexM3\ARM_GCC_541\Debug\cyfitter_cfg.o
 .ARM.attributes
                0x000000fe       0x33 .\CortexM3\ARM_GCC_541\Debug\cymetadata.o
 .ARM.attributes
                0x00000131       0x33 .\CortexM3\ARM_GCC_541\Debug\Cm3Start.o
 .ARM.attributes
                0x00000164       0x33 .\CortexM3\ARM_GCC_541\Debug\Design01.a(CyLib.o)
 .ARM.attributes
                0x00000197       0x33 .\CortexM3\ARM_GCC_541\Debug\Design01.a(cyPm.o)
 .ARM.attributes
                0x000001ca       0x33 .\CortexM3\ARM_GCC_541\Debug\Design01.a(SW1.o)
 .ARM.attributes
                0x000001fd       0x33 .\CortexM3\ARM_GCC_541\Debug\Design01.a(SW2.o)
 .ARM.attributes
                0x00000230       0x33 .\CortexM3\ARM_GCC_541\Debug\Design01.a(SW3.o)
 .ARM.attributes
                0x00000263       0x33 .\CortexM3\ARM_GCC_541\Debug\Design01.a(LED1.o)
 .ARM.attributes
                0x00000296       0x33 .\CortexM3\ARM_GCC_541\Debug\Design01.a(LED2.o)
 .ARM.attributes
                0x000002c9       0x33 .\CortexM3\ARM_GCC_541\Debug\Design01.a(LED3.o)
 .ARM.attributes
                0x000002fc       0x33 .\CortexM3\ARM_GCC_541\Debug\Design01.a(LED4.o)
 .ARM.attributes
                0x0000032f       0x33 .\CortexM3\ARM_GCC_541\Debug\Design01.a(LCD.o)
 .ARM.attributes
                0x00000362       0x33 .\CortexM3\ARM_GCC_541\Debug\Design01.a(UART.o)
 .ARM.attributes
                0x00000395       0x33 .\CortexM3\ARM_GCC_541\Debug\Design01.a(UART_IntClock.o)
 .ARM.attributes
                0x000003c8       0x33 .\CortexM3\ARM_GCC_541\Debug\Design01.a(MyTimer.o)
 .ARM.attributes
                0x000003fb       0x33 .\CortexM3\ARM_GCC_541\Debug\Design01.a(ROW0.o)
 .ARM.attributes
                0x0000042e       0x33 .\CortexM3\ARM_GCC_541\Debug\Design01.a(ROW1.o)
 .ARM.attributes
                0x00000461       0x33 .\CortexM3\ARM_GCC_541\Debug\Design01.a(ROW2.o)
 .ARM.attributes
                0x00000494       0x33 .\CortexM3\ARM_GCC_541\Debug\Design01.a(ROW3.o)
 .ARM.attributes
                0x000004c7       0x33 .\CortexM3\ARM_GCC_541\Debug\Design01.a(COL1.o)
 .ARM.attributes
                0x000004fa       0x33 .\CortexM3\ARM_GCC_541\Debug\Design01.a(COL2.o)
 .ARM.attributes
                0x0000052d       0x33 .\CortexM3\ARM_GCC_541\Debug\Design01.a(COL3.o)
 .ARM.attributes
                0x00000560       0x33 .\CortexM3\ARM_GCC_541\Debug\Design01.a(isr.o)
 .ARM.attributes
                0x00000593       0x33 .\CortexM3\ARM_GCC_541\Debug\Design01.a(Timer_keyboard_ISR.o)
 .ARM.attributes
                0x000005c6       0x33 .\CortexM3\ARM_GCC_541\Debug\Design01.a(VDAC8_1.o)
 .ARM.attributes
                0x000005f9       0x21 .\CortexM3\ARM_GCC_541\Debug\Design01.a(CyBootAsmGnu.o)
 .ARM.attributes
                0x0000061a       0x33 .\CortexM3\ARM_GCC_541\Debug\Design01.a(CyFlash.o)
 .ARM.attributes
                0x0000064d       0x33 .\CortexM3\ARM_GCC_541\Debug\Design01.a(CySpc.o)
 .ARM.attributes
                0x00000680       0x2d c:/program files (x86)/cypress/psoc creator/4.4/psoc creator/import/gnu/arm/5.4.1/bin/../lib/gcc/arm-none-eabi/5.4.1/../../../../arm-none-eabi/lib/armv7-m\libm.a(lib_a-s_sin.o)
 .ARM.attributes
                0x000006ad       0x2d c:/program files (x86)/cypress/psoc creator/4.4/psoc creator/import/gnu/arm/5.4.1/bin/../lib/gcc/arm-none-eabi/5.4.1/../../../../arm-none-eabi/lib/armv7-m\libm.a(lib_a-e_rem_pio2.o)
 .ARM.attributes
                0x000006da       0x2d c:/program files (x86)/cypress/psoc creator/4.4/psoc creator/import/gnu/arm/5.4.1/bin/../lib/gcc/arm-none-eabi/5.4.1/../../../../arm-none-eabi/lib/armv7-m\libm.a(lib_a-k_cos.o)
 .ARM.attributes
                0x00000707       0x2d c:/program files (x86)/cypress/psoc creator/4.4/psoc creator/import/gnu/arm/5.4.1/bin/../lib/gcc/arm-none-eabi/5.4.1/../../../../arm-none-eabi/lib/armv7-m\libm.a(lib_a-k_rem_pio2.o)
 .ARM.attributes
                0x00000734       0x2d c:/program files (x86)/cypress/psoc creator/4.4/psoc creator/import/gnu/arm/5.4.1/bin/../lib/gcc/arm-none-eabi/5.4.1/../../../../arm-none-eabi/lib/armv7-m\libm.a(lib_a-k_sin.o)
 .ARM.attributes
                0x00000761       0x2d c:/program files (x86)/cypress/psoc creator/4.4/psoc creator/import/gnu/arm/5.4.1/bin/../lib/gcc/arm-none-eabi/5.4.1/../../../../arm-none-eabi/lib/armv7-m\libm.a(lib_a-s_fabs.o)
 .ARM.attributes
                0x0000078e       0x2d c:/program files (x86)/cypress/psoc creator/4.4/psoc creator/import/gnu/arm/5.4.1/bin/../lib/gcc/arm-none-eabi/5.4.1/../../../../arm-none-eabi/lib/armv7-m\libm.a(lib_a-s_floor.o)
 .ARM.attributes
                0x000007bb       0x2d c:/program files (x86)/cypress/psoc creator/4.4/psoc creator/import/gnu/arm/5.4.1/bin/../lib/gcc/arm-none-eabi/5.4.1/../../../../arm-none-eabi/lib/armv7-m\libm.a(lib_a-s_scalbn.o)
 .ARM.attributes
                0x000007e8       0x2d c:/program files (x86)/cypress/psoc creator/4.4/psoc creator/import/gnu/arm/5.4.1/bin/../lib/gcc/arm-none-eabi/5.4.1/../../../../arm-none-eabi/lib/armv7-m\libm.a(lib_a-s_copysign.o)
 .ARM.attributes
                0x00000815       0x1d c:/program files (x86)/cypress/psoc creator/4.4/psoc creator/import/gnu/arm/5.4.1/bin/../lib/gcc/arm-none-eabi/5.4.1/armv7-m\libgcc.a(_arm_addsubdf3.o)
 .ARM.attributes
                0x00000832       0x1d c:/program files (x86)/cypress/psoc creator/4.4/psoc creator/import/gnu/arm/5.4.1/bin/../lib/gcc/arm-none-eabi/5.4.1/armv7-m\libgcc.a(_arm_muldivdf3.o)
 .ARM.attributes
                0x0000084f       0x1d c:/program files (x86)/cypress/psoc creator/4.4/psoc creator/import/gnu/arm/5.4.1/bin/../lib/gcc/arm-none-eabi/5.4.1/armv7-m\libgcc.a(_arm_cmpdf2.o)
 .ARM.attributes
                0x0000086c       0x1d c:/program files (x86)/cypress/psoc creator/4.4/psoc creator/import/gnu/arm/5.4.1/bin/../lib/gcc/arm-none-eabi/5.4.1/armv7-m\libgcc.a(_arm_fixdfsi.o)
 .ARM.attributes
                0x00000889       0x1d c:/program files (x86)/cypress/psoc creator/4.4/psoc creator/import/gnu/arm/5.4.1/bin/../lib/gcc/arm-none-eabi/5.4.1/armv7-m\libgcc.a(_arm_truncdfsf2.o)
 .ARM.attributes
                0x000008a6       0x1d c:/program files (x86)/cypress/psoc creator/4.4/psoc creator/import/gnu/arm/5.4.1/bin/../lib/gcc/arm-none-eabi/5.4.1/armv7-m\libgcc.a(_arm_addsubsf3.o)
 .ARM.attributes
                0x000008c3       0x1d c:/program files (x86)/cypress/psoc creator/4.4/psoc creator/import/gnu/arm/5.4.1/bin/../lib/gcc/arm-none-eabi/5.4.1/armv7-m\libgcc.a(_arm_muldivsf3.o)
 .ARM.attributes
                0x000008e0       0x1d c:/program files (x86)/cypress/psoc creator/4.4/psoc creator/import/gnu/arm/5.4.1/bin/../lib/gcc/arm-none-eabi/5.4.1/armv7-m\libgcc.a(_arm_fixsfsi.o)
 .ARM.attributes
                0x000008fd       0x2d c:/program files (x86)/cypress/psoc creator/4.4/psoc creator/import/gnu/arm/5.4.1/bin/../lib/gcc/arm-none-eabi/5.4.1/../../../../arm-none-eabi/lib/armv7-m\libg_nano.a(lib_a-errno.o)
 .ARM.attributes
                0x0000092a       0x2d c:/program files (x86)/cypress/psoc creator/4.4/psoc creator/import/gnu/arm/5.4.1/bin/../lib/gcc/arm-none-eabi/5.4.1/../../../../arm-none-eabi/lib/armv7-m\libg_nano.a(lib_a-exit.o)
 .ARM.attributes
                0x00000957       0x2d c:/program files (x86)/cypress/psoc creator/4.4/psoc creator/import/gnu/arm/5.4.1/bin/../lib/gcc/arm-none-eabi/5.4.1/../../../../arm-none-eabi/lib/armv7-m\libg_nano.a(lib_a-impure.o)
 .ARM.attributes
                0x00000984       0x2d c:/program files (x86)/cypress/psoc creator/4.4/psoc creator/import/gnu/arm/5.4.1/bin/../lib/gcc/arm-none-eabi/5.4.1/../../../../arm-none-eabi/lib/armv7-m\libg_nano.a(lib_a-init.o)
 .ARM.attributes
                0x000009b1       0x2d c:/program files (x86)/cypress/psoc creator/4.4/psoc creator/import/gnu/arm/5.4.1/bin/../lib/gcc/arm-none-eabi/5.4.1/../../../../arm-none-eabi/lib/armv7-m\libg_nano.a(lib_a-memcpy-stub.o)
 .ARM.attributes
                0x000009de       0x2d c:/program files (x86)/cypress/psoc creator/4.4/psoc creator/import/gnu/arm/5.4.1/bin/../lib/gcc/arm-none-eabi/5.4.1/../../../../arm-none-eabi/lib/armv7-m\libg_nano.a(lib_a-memset.o)
 .ARM.attributes
                0x00000a0b       0x2d c:/program files (x86)/cypress/psoc creator/4.4/psoc creator/import/gnu/arm/5.4.1/bin/../lib/gcc/arm-none-eabi/5.4.1/armv7-m/crtend.o
 .ARM.attributes
                0x00000a38       0x1d c:/program files (x86)/cypress/psoc creator/4.4/psoc creator/import/gnu/arm/5.4.1/bin/../lib/gcc/arm-none-eabi/5.4.1/armv7-m/crtn.o

/DISCARD/
 *(.note.GNU-stack)
OUTPUT(C:\Users\moham\PSoC Creator\Workspace04\ProjectDigitalDinosaure\ProjectDino\Design01.cydsn\CortexM3\ARM_GCC_541\Debug\Design01.elf elf32-littlearm)
