Archive member included to satisfy reference by file (symbol)

.\CortexM3\ARM_GCC_541\Debug\Design01.a(CyLib.o)
                              .\CortexM3\ARM_GCC_541\Debug\Cm3Start.o (CyHalt)
.\CortexM3\ARM_GCC_541\Debug\Design01.a(cyPm.o)
                              .\CortexM3\ARM_GCC_541\Debug\Design01.a(CyLib.o) (CyPmReadStatus)
.\CortexM3\ARM_GCC_541\Debug\Design01.a(SW1.o)
                              .\CortexM3\ARM_GCC_541\Debug\main.o (SW1_Read)
.\CortexM3\ARM_GCC_541\Debug\Design01.a(SW2.o)
                              .\CortexM3\ARM_GCC_541\Debug\main.o (SW2_Read)
.\CortexM3\ARM_GCC_541\Debug\Design01.a(SW3.o)
                              .\CortexM3\ARM_GCC_541\Debug\main.o (SW3_Read)
.\CortexM3\ARM_GCC_541\Debug\Design01.a(LED1.o)
                              .\CortexM3\ARM_GCC_541\Debug\main.o (LED1_Write)
.\CortexM3\ARM_GCC_541\Debug\Design01.a(LED2.o)
                              .\CortexM3\ARM_GCC_541\Debug\main.o (LED2_Write)
.\CortexM3\ARM_GCC_541\Debug\Design01.a(LED3.o)
                              .\CortexM3\ARM_GCC_541\Debug\main.o (LED3_Write)
.\CortexM3\ARM_GCC_541\Debug\Design01.a(LED4.o)
                              .\CortexM3\ARM_GCC_541\Debug\main.o (LED4_Write)
.\CortexM3\ARM_GCC_541\Debug\Design01.a(PWM.o)
                              .\CortexM3\ARM_GCC_541\Debug\main.o (PWM_Start)
.\CortexM3\ARM_GCC_541\Debug\Design01.a(LCD.o)
                              .\CortexM3\ARM_GCC_541\Debug\main.o (LCD_PrintString)
.\CortexM3\ARM_GCC_541\Debug\Design01.a(UART.o)
                              .\CortexM3\ARM_GCC_541\Debug\main.o (UART_Start)
.\CortexM3\ARM_GCC_541\Debug\Design01.a(UART_IntClock.o)
                              .\CortexM3\ARM_GCC_541\Debug\Design01.a(UART.o) (UART_IntClock_Start)
.\CortexM3\ARM_GCC_541\Debug\Design01.a(MyTimer.o)
                              .\CortexM3\ARM_GCC_541\Debug\main.o (MyTimer_Stop)
.\CortexM3\ARM_GCC_541\Debug\Design01.a(ROW0.o)
                              .\CortexM3\ARM_GCC_541\Debug\keypad.o (ROW0_Read)
.\CortexM3\ARM_GCC_541\Debug\Design01.a(ROW1.o)
                              .\CortexM3\ARM_GCC_541\Debug\keypad.o (ROW1_Read)
.\CortexM3\ARM_GCC_541\Debug\Design01.a(ROW2.o)
                              .\CortexM3\ARM_GCC_541\Debug\keypad.o (ROW2_Read)
.\CortexM3\ARM_GCC_541\Debug\Design01.a(ROW3.o)
                              .\CortexM3\ARM_GCC_541\Debug\keypad.o (ROW3_Read)
.\CortexM3\ARM_GCC_541\Debug\Design01.a(COL1.o)
                              .\CortexM3\ARM_GCC_541\Debug\keypad.o (COL1_Write)
.\CortexM3\ARM_GCC_541\Debug\Design01.a(COL2.o)
                              .\CortexM3\ARM_GCC_541\Debug\keypad.o (COL2_Write)
.\CortexM3\ARM_GCC_541\Debug\Design01.a(COL3.o)
                              .\CortexM3\ARM_GCC_541\Debug\keypad.o (COL3_Write)
.\CortexM3\ARM_GCC_541\Debug\Design01.a(CyBootAsmGnu.o)
                              .\CortexM3\ARM_GCC_541\Debug\cyfitter_cfg.o (CyDelayCycles)
.\CortexM3\ARM_GCC_541\Debug\Design01.a(CyFlash.o)
                              .\CortexM3\ARM_GCC_541\Debug\Design01.a(cyPm.o) (CyFlash_SetWaitCycles)
.\CortexM3\ARM_GCC_541\Debug\Design01.a(CySpc.o)
                              .\CortexM3\ARM_GCC_541\Debug\Design01.a(CyFlash.o) (CySpcStart)
c:/program files (x86)/cypress/psoc creator/4.4/psoc creator/import/gnu/arm/5.4.1/bin/../lib/gcc/arm-none-eabi/5.4.1/../../../../arm-none-eabi/lib/armv7-m\libg_nano.a(lib_a-errno.o)
                              .\CortexM3\ARM_GCC_541\Debug\Cm3Start.o (__errno)
c:/program files (x86)/cypress/psoc creator/4.4/psoc creator/import/gnu/arm/5.4.1/bin/../lib/gcc/arm-none-eabi/5.4.1/../../../../arm-none-eabi/lib/armv7-m\libg_nano.a(lib_a-exit.o)
                              c:/program files (x86)/cypress/psoc creator/4.4/psoc creator/import/gnu/arm/5.4.1/bin/../lib/gcc/arm-none-eabi/5.4.1/../../../../arm-none-eabi/lib/armv7-m/crt0.o (exit)
c:/program files (x86)/cypress/psoc creator/4.4/psoc creator/import/gnu/arm/5.4.1/bin/../lib/gcc/arm-none-eabi/5.4.1/../../../../arm-none-eabi/lib/armv7-m\libg_nano.a(lib_a-impure.o)
                              c:/program files (x86)/cypress/psoc creator/4.4/psoc creator/import/gnu/arm/5.4.1/bin/../lib/gcc/arm-none-eabi/5.4.1/../../../../arm-none-eabi/lib/armv7-m\libg_nano.a(lib_a-exit.o) (_global_impure_ptr)
c:/program files (x86)/cypress/psoc creator/4.4/psoc creator/import/gnu/arm/5.4.1/bin/../lib/gcc/arm-none-eabi/5.4.1/../../../../arm-none-eabi/lib/armv7-m\libg_nano.a(lib_a-init.o)
                              c:/program files (x86)/cypress/psoc creator/4.4/psoc creator/import/gnu/arm/5.4.1/bin/../lib/gcc/arm-none-eabi/5.4.1/../../../../arm-none-eabi/lib/armv7-m/crt0.o (__libc_init_array)
c:/program files (x86)/cypress/psoc creator/4.4/psoc creator/import/gnu/arm/5.4.1/bin/../lib/gcc/arm-none-eabi/5.4.1/../../../../arm-none-eabi/lib/armv7-m\libg_nano.a(lib_a-memcpy-stub.o)
                              .\CortexM3\ARM_GCC_541\Debug\cyfitter_cfg.o (memcpy)
[...]
Memory Configuration

Name             Origin             Length             Attributes
rom              0x00000000         0x00040000         xr
ram              0x1fff8000         0x00010000         xrw
*default*        0x00000000         0xffffffff

Linker script and memory map

LOAD c:/program files (x86)/cypress/psoc creator/4.4/psoc creator/import/gnu/arm/5.4.1/bin/../lib/gcc/arm-none-eabi/5.4.1/armv7-m/crti.o
LOAD c:/program files (x86)/cypress/psoc creator/4.4/psoc creator/import/gnu/arm/5.4.1/bin/../lib/gcc/arm-none-eabi/5.4.1/armv7-m/crtbegin.o
LOAD c:/program files (x86)/cypress/psoc creator/4.4/psoc creator/import/gnu/arm/5.4.1/bin/../lib/gcc/arm-none-eabi/5.4.1/../../../../arm-none-eabi/lib/armv7-m/crt0.o
START GROUP
LOAD .\CortexM3\ARM_GCC_541\Debug\main.o
LOAD .\CortexM3\ARM_GCC_541\Debug\keypad.o
LOAD .\CortexM3\ARM_GCC_541\Debug\cyfitter_cfg.o
LOAD .\CortexM3\ARM_GCC_541\Debug\cymetadata.o
LOAD .\CortexM3\ARM_GCC_541\Debug\Cm3Start.o
LOAD .\CortexM3\ARM_GCC_541\Debug\Design01.a
LOAD C:\Program Files (x86)\Cypress\PSoC Creator\4.4\PSoC Creator\psoc\content\cycomponentlibrary\CyComponentLibrary.cylib\CortexM3\ARM_GCC_541\Debug\CyComponentLibrary.a
END GROUP
START GROUP
LOAD c:/program files (x86)/cypress/psoc creator/4.4/psoc creator/import/gnu/arm/5.4.1/bin/../lib/gcc/arm-none-eabi/5.4.1/armv7-m\libgcc.a
LOAD c:/program files (x86)/cypress/psoc creator/4.4/psoc creator/import/gnu/arm/5.4.1/bin/../lib/gcc/arm-none-eabi/5.4.1/../../../../arm-none-eabi/lib/armv7-m\libg_nano.a
LOAD c:/program files (x86)/cypress/psoc creator/4.4/psoc creator/import/gnu/arm/5.4.1/bin/../lib/gcc/arm-none-eabi/5.4.1/../../../../arm-none-eabi/lib/armv7-m\libc_nano.a
END GROUP
START GROUP
LOAD c:/program files (x86)/cypress/psoc creator/4.4/psoc creator/import/gnu/arm/5.4.1/bin/../lib/gcc/arm-none-eabi/5.4.1/armv7-m\libgcc.a
LOAD c:/program files (x86)/cypress/psoc creator/4.4/psoc creator/import/gnu/arm/5.4.1/bin/../lib/gcc/arm-none-eabi/5.4.1/../../../../arm-none-eabi/lib/armv7-m\libc_nano.a
END GROUP
LOAD c:/program files (x86)/cypress/psoc creator/4.4/psoc creator/import/gnu/arm/5.4.1/bin/../lib/gcc/arm-none-eabi/5.4.1/armv7-m/crtend.o
LOAD c:/program files (x86)/cypress/psoc creator/4.4/psoc creator/import/gnu/arm/5.4.1/bin/../lib/gcc/arm-none-eabi/5.4.1/armv7-m/crtn.o
START GROUP
LOAD c:/program files (x86)/cypress/psoc creator/4.4/psoc creator/import/gnu/arm/5.4.1/bin/../lib/gcc/arm-none-eabi/5.4.1/armv7-m\libgcc.a
LOAD c:/program files (x86)/cypress/psoc creator/4.4/psoc creator/import/gnu/arm/5.4.1/bin/../lib/gcc/arm-none-eabi/5.4.1/../../../../arm-none-eabi/lib/armv7-m\libc.a
LOAD c:/program files (x86)/cypress/psoc creator/4.4/psoc creator/import/gnu/arm/5.4.1/bin/../lib/gcc/arm-none-eabi/5.4.1/../../../../arm-none-eabi/lib/armv7-m\libnosys.a
END GROUP
                0x00000000                CY_APPL_ORIGIN = 0x0
                0x00000100                CY_FLASH_ROW_SIZE = 0x100
                0x00000020                CY_ECC_ROW_SIZE = 0x20
                0x00000000                CY_EE_IN_BTLDR = 0x0
                0x00000000                CY_APPL_LOADABLE = 0x0
                0x00000800                CY_EE_SIZE = 0x800
                0x00000001                CY_APPL_NUM = 0x1
                0x00000001                CY_APPL_MAX = 0x1
                0x00000040                CY_METADATA_SIZE = 0x40
                0x00000000                CY_APPL_LOADABLE = 0x0
                0x00000000                CY_CHECKSUM_EXCLUDE_SIZE = ALIGN (0x0, CY_FLASH_ROW_SIZE)
                [!provide]                PROVIDE (__cy_heap_start, _end)
                0x00000001                PROVIDE (__cy_region_num, ((__cy_regions_end - __cy_regions) / 0x10))
                0x20008000                PROVIDE (__cy_stack, (ORIGIN (ram) + LENGTH (ram)))
                [!provide]                PROVIDE (__cy_heap_end, (__cy_stack - 0x800))

.cybootloader   0x00000000        0x0
 *(.cybootloader)
                0x00000000                appl1_start = CY_APPL_ORIGIN?CY_APPL_ORIGIN:ALIGN (CY_FLASH_ROW_SIZE)
                0x0001ff00                appl2_start = (appl1_start + ALIGN ((((LENGTH (rom) - appl1_start) - (0x2 * CY_FLASH_ROW_SIZE)) / 0x2), CY_FLASH_ROW_SIZE))
                0x00000000                appl_start = (CY_APPL_NUM == 0x1)?appl1_start:appl2_start
                0x00000000                ecc_offset = ((appl_start / CY_FLASH_ROW_SIZE) * CY_ECC_ROW_SIZE)
                0x00000000                ee_offset = (CY_APPL_LOADABLE && ! (CY_EE_IN_BTLDR))?((CY_EE_SIZE / CY_APPL_MAX) * (CY_APPL_NUM - 0x1)):0x0
                0x00000800                ee_size = (CY_APPL_LOADABLE && ! (CY_EE_IN_BTLDR))?(CY_EE_SIZE / CY_APPL_MAX):CY_EE_SIZE
                [!provide]                PROVIDE (CY_ECC_OFFSET, ecc_offset)

.text           0x00000000      0xb76
 CREATE_OBJECT_SYMBOLS
                0x00000000                PROVIDE (__cy_interrupt_vector, RomVectors)
 *(.romvectors)
 .romvectors    0x00000000       0x10 .\CortexM3\ARM_GCC_541\Debug\Cm3Start.o
                0x00000000                RomVectors
                0x00000001                ASSERT ((. != __cy_interrupt_vector), No interrupt vector)
                0x00000001                ASSERT (CY_APPL_ORIGIN?(SIZEOF (.cybootloader) <= CY_APPL_ORIGIN):0x1, Wrong image location)
                0x00000010                PROVIDE (__cy_reset, Reset)
 *(.text.Reset)
 .text.Reset    0x00000010       0x18 .\CortexM3\ARM_GCC_541\Debug\Cm3Start.o
                0x00000010                Reset
                0x00000001                ASSERT ((. != __cy_reset), No reset code)
 *(.dma_init)
                0x00000001                ASSERT ((((appl_start + .) <= 0x10000) || 0x1), DMA Init must be within the first 64k of flash)
 *(.text .text.* .gnu.linkonce.t.*)
 .text          0x00000028       0x5c c:/program files (x86)/cypress/psoc creator/4.4/psoc creator/import/gnu/arm/5.4.1/bin/../lib/gcc/arm-none-eabi/5.4.1/armv7-m/crtbegin.o
 .text.initPeripherals
                0x00000084       0x1c .\CortexM3\ARM_GCC_541\Debug\main.o
                0x00000084                initPeripherals
 .text.startTimer
                0x000000a0       0x14 .\CortexM3\ARM_GCC_541\Debug\main.o
                0x000000a0                startTimer
 .text.sendUARTMessage
                0x000000b4        0x8 .\CortexM3\ARM_GCC_541\Debug\main.o
                0x000000b4                sendUARTMessage
 .text.jump     0x000000bc       0x34 .\CortexM3\ARM_GCC_541\Debug\main.o
                0x000000bc                jump
 .text.duck     0x000000f0       0x1c .\CortexM3\ARM_GCC_541\Debug\main.o
                0x000000f0                duck
 .text.restLeds
                0x0000010c       0x1c .\CortexM3\ARM_GCC_541\Debug\main.o
                0x0000010c                restLeds
 .text.main     0x00000128       0x74 .\CortexM3\ARM_GCC_541\Debug\main.o
                0x00000128                main
 .text.keypadInit
                0x0000019c       0x18 .\CortexM3\ARM_GCC_541\Debug\keypad.o
                0x0000019c                keypadInit
 .text.CyClockStartupError
                0x000001b4        0x4 .\CortexM3\ARM_GCC_541\Debug\cyfitter_cfg.o
 .text.cfg_write_bytes32
                0x000001b8       0x34 .\CortexM3\ARM_GCC_541\Debug\cyfitter_cfg.o
 .text.AnalogSetDefault
                0x000001ec       0x38 .\CortexM3\ARM_GCC_541\Debug\cyfitter_cfg.o
 .text.CYMEMZERO
                0x00000224        0xc .\CortexM3\ARM_GCC_541\Debug\cyfitter_cfg.o
 .text.CYCONFIGCPY
                0x00000230        0x8 .\CortexM3\ARM_GCC_541\Debug\cyfitter_cfg.o
 .text.ClockSetup
                0x00000238      0x100 .\CortexM3\ARM_GCC_541\Debug\cyfitter_cfg.o
 .text.cyfitter_cfg
                0x00000338      0x13c .\CortexM3\ARM_GCC_541\Debug\cyfitter_cfg.o
                0x00000338                cyfitter_cfg
 .text.IntDefaultHandler
                0x00000474       0x10 .\CortexM3\ARM_GCC_541\Debug\Cm3Start.o
                0x00000474                IntDefaultHandler
 .text.Start_c  0x00000484       0x4c .\CortexM3\ARM_GCC_541\Debug\Cm3Start.o
                0x00000484                Start_c
 .text.initialize_psoc
                0x000004d0       0x68 .\CortexM3\ARM_GCC_541\Debug\Cm3Start.o
                0x000004d0                initialize_psoc
 .text.CyDelay  0x00000538       0x2c .\CortexM3\ARM_GCC_541\Debug\Design01.a(CyLib.o)
                0x00000538                CyDelay
 .text.CyDelayUs
                0x00000564       0x14 .\CortexM3\ARM_GCC_541\Debug\Design01.a(CyLib.o)
                0x00000564                CyDelayUs
 .text.SW1_Read
                0x00000578       0x10 .\CortexM3\ARM_GCC_541\Debug\Design01.a(SW1.o)
                0x00000578                SW1_Read
 .text.SW2_Read
                0x00000588       0x10 .\CortexM3\ARM_GCC_541\Debug\Design01.a(SW2.o)
                0x00000588                SW2_Read
 .text.SW3_Read
                0x00000598       0x10 .\CortexM3\ARM_GCC_541\Debug\Design01.a(SW3.o)
                0x00000598                SW3_Read
 .text.LED1_Write
                0x000005a8       0x18 .\CortexM3\ARM_GCC_541\Debug\Design01.a(LED1.o)
                0x000005a8                LED1_Write
 .text.LED2_Write
                0x000005c0       0x18 .\CortexM3\ARM_GCC_541\Debug\Design01.a(LED2.o)
                0x000005c0                LED2_Write
 .text.LED3_Write
                0x000005d8       0x18 .\CortexM3\ARM_GCC_541\Debug\Design01.a(LED3.o)
                0x000005d8                LED3_Write
 .text.LED4_Write
                0x000005f0       0x18 .\CortexM3\ARM_GCC_541\Debug\Design01.a(LED4.o)
                0x000005f0                LED4_Write
 .text.PWM_Enable
                0x00000608       0x10 .\CortexM3\ARM_GCC_541\Debug\Design01.a(PWM.o)
                0x00000608                PWM_Enable
 .text.PWM_WriteCounter
                0x00000618        0xc .\CortexM3\ARM_GCC_541\Debug\Design01.a(PWM.o)
                0x00000618                PWM_WriteCounter
 .text.PWM_WritePeriod
                0x00000624        0xc .\CortexM3\ARM_GCC_541\Debug\Design01.a(PWM.o)
                0x00000624                PWM_WritePeriod
 .text.PWM_WriteCompare
                0x00000630        0xc .\CortexM3\ARM_GCC_541\Debug\Design01.a(PWM.o)
                0x00000630                PWM_WriteCompare
 .text.PWM_SetInterruptMode
                0x0000063c        0xc .\CortexM3\ARM_GCC_541\Debug\Design01.a(PWM.o)
                0x0000063c                PWM_SetInterruptMode
 .text.PWM_ReadStatusRegister
                0x00000648        0xc .\CortexM3\ARM_GCC_541\Debug\Design01.a(PWM.o)
                0x00000648                PWM_ReadStatusRegister
 .text.PWM_ReadCapture
                0x00000654        0xc .\CortexM3\ARM_GCC_541\Debug\Design01.a(PWM.o)
                0x00000654                PWM_ReadCapture
 .text.PWM_ClearFIFO
                0x00000660       0x14 .\CortexM3\ARM_GCC_541\Debug\Design01.a(PWM.o)
                0x00000660                PWM_ClearFIFO
 .text.PWM_Init
                0x00000674       0x60 .\CortexM3\ARM_GCC_541\Debug\Design01.a(PWM.o)
                0x00000674                PWM_Init
 .text.PWM_Start
                0x000006d4       0x1c .\CortexM3\ARM_GCC_541\Debug\Design01.a(PWM.o)
                0x000006d4                PWM_Start
 .text.LCD_WrCntrlNib
                0x000006f0       0x34 .\CortexM3\ARM_GCC_541\Debug\Design01.a(LCD.o)
 .text.LCD_IsReady
                0x00000724       0xe4 .\CortexM3\ARM_GCC_541\Debug\Design01.a(LCD.o)
                0x00000724                LCD_IsReady
 .text.LCD_WriteControl
                0x00000808       0x18 .\CortexM3\ARM_GCC_541\Debug\Design01.a(LCD.o)
                0x00000808                LCD_WriteControl
 .text.LCD_Init
                0x00000820       0x6c .\CortexM3\ARM_GCC_541\Debug\Design01.a(LCD.o)
                0x00000820                LCD_Init
 .text.LCD_Enable
                0x0000088c       0x14 .\CortexM3\ARM_GCC_541\Debug\Design01.a(LCD.o)
                0x0000088c                LCD_Enable
 .text.LCD_Start
                0x000008a0       0x1c .\CortexM3\ARM_GCC_541\Debug\Design01.a(LCD.o)
                0x000008a0                LCD_Start
 .text.UART_Init
                0x000008bc       0x24 .\CortexM3\ARM_GCC_541\Debug\Design01.a(UART.o)
                0x000008bc                UART_Init
 .text.UART_Enable
                0x000008e0       0x38 .\CortexM3\ARM_GCC_541\Debug\Design01.a(UART.o)
                0x000008e0                UART_Enable
 .text.UART_Start
                0x00000918       0x1c .\CortexM3\ARM_GCC_541\Debug\Design01.a(UART.o)
                0x00000918                UART_Start
 .text.UART_PutChar
                0x00000934       0x18 .\CortexM3\ARM_GCC_541\Debug\Design01.a(UART.o)
                0x00000934                UART_PutChar
 .text.UART_PutString
                0x0000094c       0x24 .\CortexM3\ARM_GCC_541\Debug\Design01.a(UART.o)
                0x0000094c                UART_PutString
 .text.UART_IntClock_Start
                0x00000970       0x1c .\CortexM3\ARM_GCC_541\Debug\Design01.a(UART_IntClock.o)
                0x00000970                UART_IntClock_Start
 .text.MyTimer_Enable
                0x0000098c       0x28 .\CortexM3\ARM_GCC_541\Debug\Design01.a(MyTimer.o)
                0x0000098c                MyTimer_Enable
 .text.MyTimer_Stop
                0x000009b4       0x28 .\CortexM3\ARM_GCC_541\Debug\Design01.a(MyTimer.o)
                0x000009b4                MyTimer_Stop
 .text.MyTimer_SetInterruptMode
                0x000009dc        0xc .\CortexM3\ARM_GCC_541\Debug\Design01.a(MyTimer.o)
                0x000009dc                MyTimer_SetInterruptMode
 .text.MyTimer_ReadStatusRegister
                0x000009e8        0xc .\CortexM3\ARM_GCC_541\Debug\Design01.a(MyTimer.o)
                0x000009e8                MyTimer_ReadStatusRegister
 .text.MyTimer_WritePeriod
                0x000009f4        0xc .\CortexM3\ARM_GCC_541\Debug\Design01.a(MyTimer.o)
                0x000009f4                MyTimer_WritePeriod
 .text.MyTimer_WriteCounter
                0x00000a00        0xc .\CortexM3\ARM_GCC_541\Debug\Design01.a(MyTimer.o)
                0x00000a00                MyTimer_WriteCounter
 .text.MyTimer_Init
                0x00000a0c       0x68 .\CortexM3\ARM_GCC_541\Debug\Design01.a(MyTimer.o)
                0x00000a0c                MyTimer_Init
 .text.MyTimer_Start
                0x00000a74       0x1c .\CortexM3\ARM_GCC_541\Debug\Design01.a(MyTimer.o)
                0x00000a74                MyTimer_Start
 .text.COL1_Write
                0x00000a90       0x18 .\CortexM3\ARM_GCC_541\Debug\Design01.a(COL1.o)
                0x00000a90                COL1_Write
 .text.COL2_Write
                0x00000aa8       0x18 .\CortexM3\ARM_GCC_541\Debug\Design01.a(COL2.o)
                0x00000aa8                COL2_Write
 .text.COL3_Write
                0x00000ac0       0x18 .\CortexM3\ARM_GCC_541\Debug\Design01.a(COL3.o)
                0x00000ac0                COL3_Write
 .text          0x00000ad8       0x20 .\CortexM3\ARM_GCC_541\Debug\Design01.a(CyBootAsmGnu.o)
                0x00000ad8                CyDelayCycles
                0x00000ae8                CyEnterCriticalSection
                0x00000af0                CyExitCriticalSection
 .text.__errno  0x00000af8        0xc c:/program files (x86)/cypress/psoc creator/4.4/psoc creator/import/gnu/arm/5.4.1/bin/../lib/gcc/arm-none-eabi/5.4.1/../../../../arm-none-eabi/lib/armv7-m\libg_nano.a(lib_a-errno.o)
                0x00000af8                __errno
 .text.__libc_init_array
                0x00000b04       0x4c c:/program files (x86)/cypress/psoc creator/4.4/psoc creator/import/gnu/arm/5.4.1/bin/../lib/gcc/arm-none-eabi/5.4.1/../../../../arm-none-eabi/lib/armv7-m\libg_nano.a(lib_a-init.o)
                0x00000b04                __libc_init_array
 .text.memcpy   0x00000b50       0x16 c:/program files (x86)/cypress/psoc creator/4.4/psoc creator/import/gnu/arm/5.4.1/bin/../lib/gcc/arm-none-eabi/5.4.1/../../../../arm-none-eabi/lib/armv7-m\libg_nano.a(lib_a-memcpy-stub.o)
                0x00000b50                memcpy
 .text.memset   0x00000b66       0x10 c:/program files (x86)/cypress/psoc creator/4.4/psoc creator/import/gnu/arm/5.4.1/bin/../lib/gcc/arm-none-eabi/5.4.1/../../../../arm-none-eabi/lib/armv7-m\libg_nano.a(lib_a-memset.o)
                0x00000b66                memset
 *(.plt)
 *(.gnu.warning)
 *(.glue_7t)
 .glue_7t       0x00000b76        0x0 linker stubs
 *(.glue_7)
 .glue_7        0x00000b76        0x0 linker stubs
 *(.vfp11_veneer)
 .vfp11_veneer  0x00000b76        0x0 linker stubs
 *(.bootloader)
 *(.ARM.extab* .gnu.linkonce.armextab.*)
 *(.gcc_except_table)

.v4_bx          0x00000b78        0x0
 .v4_bx         0x00000b78        0x0 linker stubs

.iplt           0x00000b78        0x0
 .iplt          0x00000b78        0x0 c:/program files (x86)/cypress/psoc creator/4.4/psoc creator/import/gnu/arm/5.4.1/bin/../lib/gcc/arm-none-eabi/5.4.1/armv7-m/crtbegin.o

.eh_frame_hdr
 *(.eh_frame_hdr)

.eh_frame       0x00000b78        0x4
 *(.eh_frame)
 .eh_frame      0x00000b78        0x0 c:/program files (x86)/cypress/psoc creator/4.4/psoc creator/import/gnu/arm/5.4.1/bin/../lib/gcc/arm-none-eabi/5.4.1/armv7-m/crtbegin.o
 .eh_frame      0x00000b78        0x4 c:/program files (x86)/cypress/psoc creator/4.4/psoc creator/import/gnu/arm/5.4.1/bin/../lib/gcc/arm-none-eabi/5.4.1/armv7-m/crtend.o
                [!provide]                PROVIDE (__exidx_start, .)

.ARM.exidx
 *(.ARM.exidx* .gnu.linkonce.armexidx.*)
                0x00000b7c                __exidx_end = .

.rodata         0x00000b7c       0xac
 *(.rodata .rodata.* .gnu.linkonce.r.*)
 .rodata.str1.4
                0x00000b7c       0x24 .\CortexM3\ARM_GCC_541\Debug\main.o
                                 0x22 (size before relaxing)
 .rodata        0x00000ba0       0x4e .\CortexM3\ARM_GCC_541\Debug\cyfitter_cfg.o
                0x00000ba0                ADC_AMux__addrTable
                0x00000ba8                ADC_AMux__maskTable
 .rodata.str1.1
                0x00000bee        0x2 c:/program files (x86)/cypress/psoc creator/4.4/psoc creator/import/gnu/arm/5.4.1/bin/../lib/gcc/arm-none-eabi/5.4.1/../../../../arm-none-eabi/lib/armv7-m\libg_nano.a(lib_a-impure.o)
                0x00000bf0                . = ALIGN (0x4)
 *(.init)
 .init          0x00000bf0        0x4 c:/program files (x86)/cypress/psoc creator/4.4/psoc creator/import/gnu/arm/5.4.1/bin/../lib/gcc/arm-none-eabi/5.4.1/armv7-m/crti.o
                0x00000bf0                _init
 .init          0x00000bf4        0x8 c:/program files (x86)/cypress/psoc creator/4.4/psoc creator/import/gnu/arm/5.4.1/bin/../lib/gcc/arm-none-eabi/5.4.1/armv7-m/crtn.o
                0x00000bfc                . = ALIGN (0x4)
                0x00000bfc                __preinit_array_start = .
 *(.preinit_array)
                0x00000bfc                __preinit_array_end = .
                0x00000bfc                . = ALIGN (0x4)
                0x00000bfc                __init_array_start = .
 *(SORT(.init_array.*))
 *(.init_array)
 .init_array    0x00000bfc        0x4 c:/program files (x86)/cypress/psoc creator/4.4/psoc creator/import/gnu/arm/5.4.1/bin/../lib/gcc/arm-none-eabi/5.4.1/armv7-m/crtbegin.o
 .init_array    0x00000c00        0x4 .\CortexM3\ARM_GCC_541\Debug\Cm3Start.o
                0x00000c04                __init_array_end = .
                0x00000c04                . = ALIGN (0x4)
 *(.fini)
 .fini          0x00000c04        0x4 c:/program files (x86)/cypress/psoc creator/4.4/psoc creator/import/gnu/arm/5.4.1/bin/../lib/gcc/arm-none-eabi/5.4.1/armv7-m/crti.o
                0x00000c04                _fini
 .fini          0x00000c08        0x8 c:/program files (x86)/cypress/psoc creator/4.4/psoc creator/import/gnu/arm/5.4.1/bin/../lib/gcc/arm-none-eabi/5.4.1/armv7-m/crtn.o
                0x00000c10                . = ALIGN (0x4)
                0x00000c10                __fini_array_start = .
 *(.fini_array)
 .fini_array    0x00000c10        0x4 c:/program files (x86)/cypress/psoc creator/4.4/psoc creator/import/gnu/arm/5.4.1/bin/../lib/gcc/arm-none-eabi/5.4.1/armv7-m/crtbegin.o
 *(SORT(.fini_array.*))
                0x00000c14                __fini_array_end = .
                0x00000c14                . = ALIGN (0x4)
 *crtbegin.o(.ctors)
 *(EXCLUDE_FILE(*crtend.o) .ctors)
 *(SORT(.ctors.*))
 *crtend.o(.ctors)
                0x00000c14                . = ALIGN (0x4)
 *crtbegin.o(.dtors)
 *(EXCLUDE_FILE(*crtend.o) .dtors)
 *(SORT(.dtors.*))
 *crtend.o(.dtors)
                0x00000c14                . = ALIGN (0x4)
                0x00000c14                __cy_regions = .
                0x00000c14        0x4 LONG 0xc28 __cy_region_init_ram
                0x00000c18        0x4 LONG 0x1fff80c8 __cy_region_start_data
                0x00000c1c        0x4 LONG 0x78 __cy_region_init_size_ram
                0x00000c20        0x4 LONG 0x28 __cy_region_zero_size_ram
                0x00000c24                __cy_regions_end = .
                0x00000c28                . = ALIGN (0x8)
 *fill*         0x00000c24        0x4 
                0x00000c28                _etext = .

.cy_checksum_exclude
                0x00000c28        0x0
 *(.cy_checksum_exclude)

.ramvectors     0x1fff8000       0xc0
                0x1fff8000                __cy_region_start_ram = .
 *(.ramvectors)
 .ramvectors    0x1fff8000       0xc0 .\CortexM3\ARM_GCC_541\Debug\Cm3Start.o
                0x1fff8000                CyRamVectors

.noinit         0x1fff80c0        0x1
 *(.noinit)
 .noinit        0x1fff80c0        0x1 .\CortexM3\ARM_GCC_541\Debug\Design01.a(CyLib.o)
                0x1fff80c0                CyResetStatus

.data           0x1fff80c8       0x78 load address 0x00000c28
                0x1fff80c8                __cy_region_start_data = .
 *(.jcr)
 .jcr           0x1fff80c8        0x0 c:/program files (x86)/cypress/psoc creator/4.4/psoc creator/import/gnu/arm/5.4.1/bin/../lib/gcc/arm-none-eabi/5.4.1/armv7-m/crtbegin.o
 .jcr           0x1fff80c8        0x4 c:/program files (x86)/cypress/psoc creator/4.4/psoc creator/import/gnu/arm/5.4.1/bin/../lib/gcc/arm-none-eabi/5.4.1/armv7-m/crtend.o
 *(.got.plt)
 *(.got)
 *(.shdata)
 *(.data .data.* .gnu.linkonce.d.*)
 .data          0x1fff80cc       0x10 .\CortexM3\ARM_GCC_541\Debug\Design01.a(CyLib.o)
                0x1fff80cc                cydelay_32k_ms
                0x1fff80d0                cydelay_freq_khz
                0x1fff80d4                cydelay_freq_mhz
                0x1fff80d8                cydelay_freq_hz
 .data.impure_data
                0x1fff80dc       0x60 c:/program files (x86)/cypress/psoc creator/4.4/psoc creator/import/gnu/arm/5.4.1/bin/../lib/gcc/arm-none-eabi/5.4.1/../../../../arm-none-eabi/lib/armv7-m\libg_nano.a(lib_a-impure.o)
 .data._impure_ptr
                0x1fff813c        0x4 c:/program files (x86)/cypress/psoc creator/4.4/psoc creator/import/gnu/arm/5.4.1/bin/../lib/gcc/arm-none-eabi/5.4.1/../../../../arm-none-eabi/lib/armv7-m\libg_nano.a(lib_a-impure.o)
                0x1fff813c                _impure_ptr
                0x1fff8140                . = ALIGN (0x8)
 *(.ram)
                0x1fff8140                _edata = .

.igot.plt       0x1fff8140        0x0 load address 0x00000ca0
 .igot.plt      0x1fff8140        0x0 c:/program files (x86)/cypress/psoc creator/4.4/psoc creator/import/gnu/arm/5.4.1/bin/../lib/gcc/arm-none-eabi/5.4.1/armv7-m/crtbegin.o

.bss            0x1fff8140       0x28 load address 0x00000ca0
                0x1fff8140                PROVIDE (__bss_start__, .)
 *(.shbss)
 *(.bss .bss.* .gnu.linkonce.b.*)
 .bss           0x1fff8140       0x1c c:/program files (x86)/cypress/psoc creator/4.4/psoc creator/import/gnu/arm/5.4.1/bin/../lib/gcc/arm-none-eabi/5.4.1/armv7-m/crtbegin.o
 .bss           0x1fff815c        0x6 .\CortexM3\ARM_GCC_541\Debug\main.o
                0x1fff815c                score
                0x1fff8160                incrementFlag
 .bss           0x1fff8162        0x1 .\CortexM3\ARM_GCC_541\Debug\Design01.a(PWM.o)
                0x1fff8162                PWM_initVar
 .bss           0x1fff8163        0x2 .\CortexM3\ARM_GCC_541\Debug\Design01.a(LCD.o)
                0x1fff8163                LCD_enableState
                0x1fff8164                LCD_initVar
 .bss           0x1fff8165        0x2 .\CortexM3\ARM_GCC_541\Debug\Design01.a(UART.o)
                0x1fff8165                UART_initVar
 .bss           0x1fff8167        0x1 .\CortexM3\ARM_GCC_541\Debug\Design01.a(MyTimer.o)
                0x1fff8167                MyTimer_initVar
 *(COMMON)
                0x1fff8168                . = ALIGN (0x8)
 *(.ram.b)
                0x1fff8168                _end = .
                0x1fff8168                __end = .
                0x1fff8168                PROVIDE (end, .)
                0x1fff8168                PROVIDE (__bss_end__, .)
                0x00000c28                __cy_region_init_ram = LOADADDR (.data)
                0x00000078                __cy_region_init_size_ram = (_edata - ADDR (.data))
                0x00000028                __cy_region_zero_size_ram = (_end - _edata)

.heap           0x1fff8168       0x80 load address 0x00000ca0
                0x1fff8168                . = _end
                0x1fff81e8                . = (. + 0x80)
 *fill*         0x1fff8168       0x80 
                0x1fff81e8                __cy_heap_limit = .

.stack          0x20007800      0x800
                0x20007800                __cy_stack_limit = .
                0x20008000                . = (. + 0x800)
 *fill*         0x20007800      0x800 
                0x00000001                ASSERT ((__cy_stack_limit >= __cy_heap_limit), region RAM overflowed with stack)
                0x00000000                cy_checksum_exclude_size = (CY_APPL_LOADABLE == 0x1)?SIZEOF (.cy_checksum_exclude):0x0
                0x00000001                ASSERT ((cy_checksum_exclude_size <= CY_CHECKSUM_EXCLUDE_SIZE), CY_BOOT: Section .cy_checksum_exclude size exceedes specified limit.)

.cyloadermeta
 *(.cyloadermeta)

.cyloadablemeta
 *(.cyloadablemeta)

.cyconfigecc    0x80000000      0x4d4
 *(.cyconfigecc)
 .cyconfigecc   0x80000000      0x4d4 .\CortexM3\ARM_GCC_541\Debug\cymetadata.o
                0x80000000                cy_meta_configecc

.cycustnvl      0x90000000        0x4
 *(.cycustnvl)
 .cycustnvl     0x90000000        0x4 .\CortexM3\ARM_GCC_541\Debug\cymetadata.o
                0x90000000                cy_meta_custnvl

.cywolatch      0x90100000        0x4
 *(.cywolatch)
 .cywolatch     0x90100000        0x4 .\CortexM3\ARM_GCC_541\Debug\cymetadata.o
                0x90100000                cy_meta_wonvl

.cyeeprom       0x90200000        0x0
 *(.cyeeprom)
                0x00000001                ASSERT ((. <= ((0x90200000 + ee_offset) + ee_size)), .cyeeprom data will not fit in EEPROM)

.cyflashprotect
                0x90400000      0x100
 *(.cyflashprotect)
 .cyflashprotect
                0x90400000      0x100 .\CortexM3\ARM_GCC_541\Debug\cymetadata.o
                0x90400000                cy_meta_flashprotect

.cymeta         0x90500000        0xc
 *(.cymeta)
 .cymeta        0x90500000        0xc .\CortexM3\ARM_GCC_541\Debug\cymetadata.o
                0x90500000                cy_metadata

.rel.dyn        0x00000ca0        0x0 load address 0x9050000c
 .rel.iplt      0x00000ca0        0x0 c:/program files (x86)/cypress/psoc creator/4.4/psoc creator/import/gnu/arm/5.4.1/bin/../lib/gcc/arm-none-eabi/5.4.1/armv7-m/crtbegin.o

.stab
 *(.stab)

.stabstr
 *(.stabstr)

.debug
 *(.debug)

.line
 *(.line)

.debug_srcinfo
 *(.debug_srcinfo)

.debug_sfnames
 *(.debug_sfnames)

.debug_aranges  0x00000000      0xbf8
 *(.debug_aranges)
 .debug_aranges
                0x00000000       0x80 .\CortexM3\ARM_GCC_541\Debug\main.o
 .debug_aranges
                0x00000080       0x28 .\CortexM3\ARM_GCC_541\Debug\keypad.o
 .debug_aranges
                0x000000a8       0x68 .\CortexM3\ARM_GCC_541\Debug\cyfitter_cfg.o
 .debug_aranges
                0x00000110       0x18 .\CortexM3\ARM_GCC_541\Debug\cymetadata.o
 .debug_aranges
                0x00000128       0x48 .\CortexM3\ARM_GCC_541\Debug\Cm3Start.o
 .debug_aranges
                0x00000170      0x2a0 .\CortexM3\ARM_GCC_541\Debug\Design01.a(CyLib.o)
 .debug_aranges
                0x00000410       0x98 .\CortexM3\ARM_GCC_541\Debug\Design01.a(cyPm.o)
 .debug_aranges
                0x000004a8       0x38 .\CortexM3\ARM_GCC_541\Debug\Design01.a(SW1.o)
 .debug_aranges
                0x000004e0       0x38 .\CortexM3\ARM_GCC_541\Debug\Design01.a(SW2.o)
 .debug_aranges
                0x00000518       0x38 .\CortexM3\ARM_GCC_541\Debug\Design01.a(SW3.o)
 .debug_aranges
                0x00000550       0x38 .\CortexM3\ARM_GCC_541\Debug\Design01.a(LED1.o)
 .debug_aranges
                0x00000588       0x38 .\CortexM3\ARM_GCC_541\Debug\Design01.a(LED2.o)
 .debug_aranges
                0x000005c0       0x38 .\CortexM3\ARM_GCC_541\Debug\Design01.a(LED3.o)
 .debug_aranges
                0x000005f8       0x38 .\CortexM3\ARM_GCC_541\Debug\Design01.a(LED4.o)
 .debug_aranges
                0x00000630       0x98 .\CortexM3\ARM_GCC_541\Debug\Design01.a(PWM.o)
 .debug_aranges
                0x000006c8       0x98 .\CortexM3\ARM_GCC_541\Debug\Design01.a(LCD.o)
 .debug_aranges
                0x00000760       0xf0 .\CortexM3\ARM_GCC_541\Debug\Design01.a(UART.o)
 .debug_aranges
                0x00000850       0x70 .\CortexM3\ARM_GCC_541\Debug\Design01.a(UART_IntClock.o)
 .debug_aranges
                0x000008c0       0x88 .\CortexM3\ARM_GCC_541\Debug\Design01.a(MyTimer.o)
 .debug_aranges
                0x00000948       0x38 .\CortexM3\ARM_GCC_541\Debug\Design01.a(ROW0.o)
 .debug_aranges
                0x00000980       0x38 .\CortexM3\ARM_GCC_541\Debug\Design01.a(ROW1.o)
 .debug_aranges
                0x000009b8       0x38 .\CortexM3\ARM_GCC_541\Debug\Design01.a(ROW2.o)
 .debug_aranges
                0x000009f0       0x38 .\CortexM3\ARM_GCC_541\Debug\Design01.a(ROW3.o)
 .debug_aranges
                0x00000a28       0x38 .\CortexM3\ARM_GCC_541\Debug\Design01.a(COL1.o)
 .debug_aranges
                0x00000a60       0x38 .\CortexM3\ARM_GCC_541\Debug\Design01.a(COL2.o)
 .debug_aranges
                0x00000a98       0x38 .\CortexM3\ARM_GCC_541\Debug\Design01.a(COL3.o)
 .debug_aranges
                0x00000ad0       0x20 .\CortexM3\ARM_GCC_541\Debug\Design01.a(CyBootAsmGnu.o)
 .debug_aranges
                0x00000af0       0x88 .\CortexM3\ARM_GCC_541\Debug\Design01.a(CyFlash.o)
 .debug_aranges
                0x00000b78       0x80 .\CortexM3\ARM_GCC_541\Debug\Design01.a(CySpc.o)

.debug_pubnames
 *(.debug_pubnames)

.debug_info     0x00000000     0x645f
 *(.debug_info .gnu.linkonce.wi.*)
 .debug_info    0x00000000      0x617 .\CortexM3\ARM_GCC_541\Debug\main.o
 .debug_info    0x00000617      0x380 .\CortexM3\ARM_GCC_541\Debug\keypad.o
 .debug_info    0x00000997      0x6b4 .\CortexM3\ARM_GCC_541\Debug\cyfitter_cfg.o
 .debug_info    0x0000104b      0x136 .\CortexM3\ARM_GCC_541\Debug\cymetadata.o
 .debug_info    0x00001181      0x3bb .\CortexM3\ARM_GCC_541\Debug\Cm3Start.o
 .debug_info    0x0000153c     0x1374 .\CortexM3\ARM_GCC_541\Debug\Design01.a(CyLib.o)
 .debug_info    0x000028b0      0xa2a .\CortexM3\ARM_GCC_541\Debug\Design01.a(cyPm.o)
 .debug_info    0x000032da      0x11f .\CortexM3\ARM_GCC_541\Debug\Design01.a(SW1.o)
 .debug_info    0x000033f9      0x11f .\CortexM3\ARM_GCC_541\Debug\Design01.a(SW2.o)
 .debug_info    0x00003518      0x11f .\CortexM3\ARM_GCC_541\Debug\Design01.a(SW3.o)
 .debug_info    0x00003637      0x11f .\CortexM3\ARM_GCC_541\Debug\Design01.a(LED1.o)
 .debug_info    0x00003756      0x11f .\CortexM3\ARM_GCC_541\Debug\Design01.a(LED2.o)
 .debug_info    0x00003875      0x11f .\CortexM3\ARM_GCC_541\Debug\Design01.a(LED3.o)
 .debug_info    0x00003994      0x11f .\CortexM3\ARM_GCC_541\Debug\Design01.a(LED4.o)
 .debug_info    0x00003ab3      0x354 .\CortexM3\ARM_GCC_541\Debug\Design01.a(PWM.o)
 .debug_info    0x00003e07      0x715 .\CortexM3\ARM_GCC_541\Debug\Design01.a(LCD.o)
 .debug_info    0x0000451c      0x60c .\CortexM3\ARM_GCC_541\Debug\Design01.a(UART.o)
 .debug_info    0x00004b28      0x283 .\CortexM3\ARM_GCC_541\Debug\Design01.a(UART_IntClock.o)
 .debug_info    0x00004dab      0x295 .\CortexM3\ARM_GCC_541\Debug\Design01.a(MyTimer.o)
 .debug_info    0x00005040      0x11f .\CortexM3\ARM_GCC_541\Debug\Design01.a(ROW0.o)
 .debug_info    0x0000515f      0x11f .\CortexM3\ARM_GCC_541\Debug\Design01.a(ROW1.o)
 .debug_info    0x0000527e      0x11f .\CortexM3\ARM_GCC_541\Debug\Design01.a(ROW2.o)
 .debug_info    0x0000539d      0x11f .\CortexM3\ARM_GCC_541\Debug\Design01.a(ROW3.o)
 .debug_info    0x000054bc      0x11f .\CortexM3\ARM_GCC_541\Debug\Design01.a(COL1.o)
 .debug_info    0x000055db      0x11f .\CortexM3\ARM_GCC_541\Debug\Design01.a(COL2.o)
 .debug_info    0x000056fa      0x11f .\CortexM3\ARM_GCC_541\Debug\Design01.a(COL3.o)
 .debug_info    0x00005819       0xa9 .\CortexM3\ARM_GCC_541\Debug\Design01.a(CyBootAsmGnu.o)
 .debug_info    0x000058c2      0x64d .\CortexM3\ARM_GCC_541\Debug\Design01.a(CyFlash.o)
 .debug_info    0x00005f0f      0x550 .\CortexM3\ARM_GCC_541\Debug\Design01.a(CySpc.o)

.debug_abbrev   0x00000000     0x1c51
 *(.debug_abbrev)
 .debug_abbrev  0x00000000      0x180 .\CortexM3\ARM_GCC_541\Debug\main.o
 .debug_abbrev  0x00000180       0xc5 .\CortexM3\ARM_GCC_541\Debug\keypad.o
 .debug_abbrev  0x00000245      0x22d .\CortexM3\ARM_GCC_541\Debug\cyfitter_cfg.o
 .debug_abbrev  0x00000472       0x77 .\CortexM3\ARM_GCC_541\Debug\cymetadata.o
 .debug_abbrev  0x000004e9      0x1e8 .\CortexM3\ARM_GCC_541\Debug\Cm3Start.o
 .debug_abbrev  0x000006d1      0x254 .\CortexM3\ARM_GCC_541\Debug\Design01.a(CyLib.o)
 .debug_abbrev  0x00000925      0x1ab .\CortexM3\ARM_GCC_541\Debug\Design01.a(cyPm.o)
 .debug_abbrev  0x00000ad0       0x90 .\CortexM3\ARM_GCC_541\Debug\Design01.a(SW1.o)
 .debug_abbrev  0x00000b60       0x90 .\CortexM3\ARM_GCC_541\Debug\Design01.a(SW2.o)
 .debug_abbrev  0x00000bf0       0x90 .\CortexM3\ARM_GCC_541\Debug\Design01.a(SW3.o)
 .debug_abbrev  0x00000c80       0x90 .\CortexM3\ARM_GCC_541\Debug\Design01.a(LED1.o)
 .debug_abbrev  0x00000d10       0x90 .\CortexM3\ARM_GCC_541\Debug\Design01.a(LED2.o)
 .debug_abbrev  0x00000da0       0x90 .\CortexM3\ARM_GCC_541\Debug\Design01.a(LED3.o)
 .debug_abbrev  0x00000e30       0x90 .\CortexM3\ARM_GCC_541\Debug\Design01.a(LED4.o)
 .debug_abbrev  0x00000ec0      0x133 .\CortexM3\ARM_GCC_541\Debug\Design01.a(PWM.o)
 .debug_abbrev  0x00000ff3      0x157 .\CortexM3\ARM_GCC_541\Debug\Design01.a(LCD.o)
 .debug_abbrev  0x0000114a      0x175 .\CortexM3\ARM_GCC_541\Debug\Design01.a(UART.o)
 .debug_abbrev  0x000012bf      0x139 .\CortexM3\ARM_GCC_541\Debug\Design01.a(UART_IntClock.o)
 .debug_abbrev  0x000013f8      0x11a .\CortexM3\ARM_GCC_541\Debug\Design01.a(MyTimer.o)
 .debug_abbrev  0x00001512       0x90 .\CortexM3\ARM_GCC_541\Debug\Design01.a(ROW0.o)
 .debug_abbrev  0x000015a2       0x90 .\CortexM3\ARM_GCC_541\Debug\Design01.a(ROW1.o)
 .debug_abbrev  0x00001632       0x90 .\CortexM3\ARM_GCC_541\Debug\Design01.a(ROW2.o)
 .debug_abbrev  0x000016c2       0x90 .\CortexM3\ARM_GCC_541\Debug\Design01.a(ROW3.o)
 .debug_abbrev  0x00001752       0x90 .\CortexM3\ARM_GCC_541\Debug\Design01.a(COL1.o)
 .debug_abbrev  0x000017e2       0x90 .\CortexM3\ARM_GCC_541\Debug\Design01.a(COL2.o)
 .debug_abbrev  0x00001872       0x90 .\CortexM3\ARM_GCC_541\Debug\Design01.a(COL3.o)
 .debug_abbrev  0x00001902       0x14 .\CortexM3\ARM_GCC_541\Debug\Design01.a(CyBootAsmGnu.o)
 .debug_abbrev  0x00001916      0x1a7 .\CortexM3\ARM_GCC_541\Debug\Design01.a(CyFlash.o)
 .debug_abbrev  0x00001abd      0x194 .\CortexM3\ARM_GCC_541\Debug\Design01.a(CySpc.o)

.debug_line     0x00000000     0x2baf
 *(.debug_line)
 .debug_line    0x00000000      0x2f3 .\CortexM3\ARM_GCC_541\Debug\main.o
 .debug_line    0x000002f3      0x1ec .\CortexM3\ARM_GCC_541\Debug\keypad.o
 .debug_line    0x000004df      0x224 .\CortexM3\ARM_GCC_541\Debug\cyfitter_cfg.o
 .debug_line    0x00000703      0x141 .\CortexM3\ARM_GCC_541\Debug\cymetadata.o
 .debug_line    0x00000844      0x234 .\CortexM3\ARM_GCC_541\Debug\Cm3Start.o
 .debug_line    0x00000a78      0x816 .\CortexM3\ARM_GCC_541\Debug\Design01.a(CyLib.o)
 .debug_line    0x0000128e      0x367 .\CortexM3\ARM_GCC_541\Debug\Design01.a(cyPm.o)
 .debug_line    0x000015f5       0x90 .\CortexM3\ARM_GCC_541\Debug\Design01.a(SW1.o)
 .debug_line    0x00001685       0x90 .\CortexM3\ARM_GCC_541\Debug\Design01.a(SW2.o)
 .debug_line    0x00001715       0x90 .\CortexM3\ARM_GCC_541\Debug\Design01.a(SW3.o)
 .debug_line    0x000017a5       0x91 .\CortexM3\ARM_GCC_541\Debug\Design01.a(LED1.o)
 .debug_line    0x00001836       0x91 .\CortexM3\ARM_GCC_541\Debug\Design01.a(LED2.o)
 .debug_line    0x000018c7       0x91 .\CortexM3\ARM_GCC_541\Debug\Design01.a(LED3.o)
 .debug_line    0x00001958       0x91 .\CortexM3\ARM_GCC_541\Debug\Design01.a(LED4.o)
 .debug_line    0x000019e9      0x186 .\CortexM3\ARM_GCC_541\Debug\Design01.a(PWM.o)
 .debug_line    0x00001b6f      0x1dc .\CortexM3\ARM_GCC_541\Debug\Design01.a(LCD.o)
 .debug_line    0x00001d4b      0x2bc .\CortexM3\ARM_GCC_541\Debug\Design01.a(UART.o)
 .debug_line    0x00002007      0x17c .\CortexM3\ARM_GCC_541\Debug\Design01.a(UART_IntClock.o)
 .debug_line    0x00002183      0x155 .\CortexM3\ARM_GCC_541\Debug\Design01.a(MyTimer.o)
 .debug_line    0x000022d8       0x91 .\CortexM3\ARM_GCC_541\Debug\Design01.a(ROW0.o)
 .debug_line    0x00002369       0x91 .\CortexM3\ARM_GCC_541\Debug\Design01.a(ROW1.o)
 .debug_line    0x000023fa       0x91 .\CortexM3\ARM_GCC_541\Debug\Design01.a(ROW2.o)
 .debug_line    0x0000248b       0x91 .\CortexM3\ARM_GCC_541\Debug\Design01.a(ROW3.o)
 .debug_line    0x0000251c       0x91 .\CortexM3\ARM_GCC_541\Debug\Design01.a(COL1.o)
 .debug_line    0x000025ad       0x91 .\CortexM3\ARM_GCC_541\Debug\Design01.a(COL2.o)
 .debug_line    0x0000263e       0x91 .\CortexM3\ARM_GCC_541\Debug\Design01.a(COL3.o)
 .debug_line    0x000026cf       0x66 .\CortexM3\ARM_GCC_541\Debug\Design01.a(CyBootAsmGnu.o)
 .debug_line    0x00002735      0x21a .\CortexM3\ARM_GCC_541\Debug\Design01.a(CyFlash.o)
 .debug_line    0x0000294f      0x260 .\CortexM3\ARM_GCC_541\Debug\Design01.a(CySpc.o)

.debug_frame    0x00000000     0x1c14
 *(.debug_frame)
 .debug_frame   0x00000000      0x15c .\CortexM3\ARM_GCC_541\Debug\main.o
 .debug_frame   0x0000015c       0x48 .\CortexM3\ARM_GCC_541\Debug\keypad.o
 .debug_frame   0x000001a4      0x104 .\CortexM3\ARM_GCC_541\Debug\cyfitter_cfg.o
 .debug_frame   0x000002a8       0xb8 .\CortexM3\ARM_GCC_541\Debug\Cm3Start.o
 .debug_frame   0x00000360      0x738 .\CortexM3\ARM_GCC_541\Debug\Design01.a(CyLib.o)
 .debug_frame   0x00000a98      0x1f8 .\CortexM3\ARM_GCC_541\Debug\Design01.a(cyPm.o)
 .debug_frame   0x00000c90       0x50 .\CortexM3\ARM_GCC_541\Debug\Design01.a(SW1.o)
 .debug_frame   0x00000ce0       0x50 .\CortexM3\ARM_GCC_541\Debug\Design01.a(SW2.o)
 .debug_frame   0x00000d30       0x50 .\CortexM3\ARM_GCC_541\Debug\Design01.a(SW3.o)
 .debug_frame   0x00000d80       0x50 .\CortexM3\ARM_GCC_541\Debug\Design01.a(LED1.o)
 .debug_frame   0x00000dd0       0x50 .\CortexM3\ARM_GCC_541\Debug\Design01.a(LED2.o)
 .debug_frame   0x00000e20       0x50 .\CortexM3\ARM_GCC_541\Debug\Design01.a(LED3.o)
 .debug_frame   0x00000e70       0x50 .\CortexM3\ARM_GCC_541\Debug\Design01.a(LED4.o)
 .debug_frame   0x00000ec0      0x134 .\CortexM3\ARM_GCC_541\Debug\Design01.a(PWM.o)
 .debug_frame   0x00000ff4      0x1e8 .\CortexM3\ARM_GCC_541\Debug\Design01.a(LCD.o)
 .debug_frame   0x000011dc      0x250 .\CortexM3\ARM_GCC_541\Debug\Design01.a(UART.o)
 .debug_frame   0x0000142c       0xe0 .\CortexM3\ARM_GCC_541\Debug\Design01.a(UART_IntClock.o)
 .debug_frame   0x0000150c      0x108 .\CortexM3\ARM_GCC_541\Debug\Design01.a(MyTimer.o)
 .debug_frame   0x00001614       0x50 .\CortexM3\ARM_GCC_541\Debug\Design01.a(ROW0.o)
 .debug_frame   0x00001664       0x50 .\CortexM3\ARM_GCC_541\Debug\Design01.a(ROW1.o)
 .debug_frame   0x000016b4       0x50 .\CortexM3\ARM_GCC_541\Debug\Design01.a(ROW2.o)
 .debug_frame   0x00001704       0x50 .\CortexM3\ARM_GCC_541\Debug\Design01.a(ROW3.o)
 .debug_frame   0x00001754       0x50 .\CortexM3\ARM_GCC_541\Debug\Design01.a(COL1.o)
 .debug_frame   0x000017a4       0x50 .\CortexM3\ARM_GCC_541\Debug\Design01.a(COL2.o)
 .debug_frame   0x000017f4       0x50 .\CortexM3\ARM_GCC_541\Debug\Design01.a(COL3.o)
 .debug_frame   0x00001844      0x194 .\CortexM3\ARM_GCC_541\Debug\Design01.a(CyFlash.o)
 .debug_frame   0x000019d8      0x180 .\CortexM3\ARM_GCC_541\Debug\Design01.a(CySpc.o)
 .debug_frame   0x00001b58       0x20 c:/program files (x86)/cypress/psoc creator/4.4/psoc creator/import/gnu/arm/5.4.1/bin/../lib/gcc/arm-none-eabi/5.4.1/../../../../arm-none-eabi/lib/armv7-m\libg_nano.a(lib_a-errno.o)
 .debug_frame   0x00001b78       0x28 c:/program files (x86)/cypress/psoc creator/4.4/psoc creator/import/gnu/arm/5.4.1/bin/../lib/gcc/arm-none-eabi/5.4.1/../../../../arm-none-eabi/lib/armv7-m\libg_nano.a(lib_a-exit.o)
 .debug_frame   0x00001ba0       0x2c c:/program files (x86)/cypress/psoc creator/4.4/psoc creator/import/gnu/arm/5.4.1/bin/../lib/gcc/arm-none-eabi/5.4.1/../../../../arm-none-eabi/lib/armv7-m\libg_nano.a(lib_a-init.o)
 .debug_frame   0x00001bcc       0x28 c:/program files (x86)/cypress/psoc creator/4.4/psoc creator/import/gnu/arm/5.4.1/bin/../lib/gcc/arm-none-eabi/5.4.1/../../../../arm-none-eabi/lib/armv7-m\libg_nano.a(lib_a-memcpy-stub.o)
 .debug_frame   0x00001bf4       0x20 c:/program files (x86)/cypress/psoc creator/4.4/psoc creator/import/gnu/arm/5.4.1/bin/../lib/gcc/arm-none-eabi/5.4.1/../../../../arm-none-eabi/lib/armv7-m\libg_nano.a(lib_a-memset.o)

.debug_str      0x00000000     0x2155
 *(.debug_str)
 .debug_str     0x00000000      0x3a1 .\CortexM3\ARM_GCC_541\Debug\main.o
                                0x40a (size before relaxing)
 .debug_str     0x000003a1       0x52 .\CortexM3\ARM_GCC_541\Debug\keypad.o
                                0x235 (size before relaxing)
 .debug_str     0x000003f3      0x202 .\CortexM3\ARM_GCC_541\Debug\cyfitter_cfg.o
                                0x3a9 (size before relaxing)
 .debug_str     0x000005f5       0x75 .\CortexM3\ARM_GCC_541\Debug\cymetadata.o
                                0x1fd (size before relaxing)
 .debug_str     0x0000066a      0x144 .\CortexM3\ARM_GCC_541\Debug\Cm3Start.o
                                0x323 (size before relaxing)
 .debug_str     0x000007ae      0x83d .\CortexM3\ARM_GCC_541\Debug\Design01.a(CyLib.o)
                                0xa60 (size before relaxing)
 .debug_str     0x00000feb      0x365 .\CortexM3\ARM_GCC_541\Debug\Design01.a(cyPm.o)
                                0x74c (size before relaxing)
 .debug_str     0x00001350       0x53 .\CortexM3\ARM_GCC_541\Debug\Design01.a(SW1.o)
                                0x1f1 (size before relaxing)
 .debug_str     0x000013a3       0x48 .\CortexM3\ARM_GCC_541\Debug\Design01.a(SW2.o)
                                0x1f1 (size before relaxing)
 .debug_str     0x000013eb       0x48 .\CortexM3\ARM_GCC_541\Debug\Design01.a(SW3.o)
                                0x1f1 (size before relaxing)
 .debug_str     0x00001433       0x4b .\CortexM3\ARM_GCC_541\Debug\Design01.a(LED1.o)
                                0x1f6 (size before relaxing)
 .debug_str     0x0000147e       0x4b .\CortexM3\ARM_GCC_541\Debug\Design01.a(LED2.o)
                                0x1f6 (size before relaxing)
 .debug_str     0x000014c9       0x4b .\CortexM3\ARM_GCC_541\Debug\Design01.a(LED3.o)
                                0x1f6 (size before relaxing)
 .debug_str     0x00001514       0x4b .\CortexM3\ARM_GCC_541\Debug\Design01.a(LED4.o)
                                0x1f6 (size before relaxing)
 .debug_str     0x0000155f      0x16e .\CortexM3\ARM_GCC_541\Debug\Design01.a(PWM.o)
                                0x351 (size before relaxing)
 .debug_str     0x000016cd      0x124 .\CortexM3\ARM_GCC_541\Debug\Design01.a(LCD.o)
                                0x344 (size before relaxing)
 .debug_str     0x000017f1      0x242 .\CortexM3\ARM_GCC_541\Debug\Design01.a(UART.o)
                                0x48e (size before relaxing)
 .debug_str     0x00001a33      0x183 .\CortexM3\ARM_GCC_541\Debug\Design01.a(UART_IntClock.o)
                                0x34f (size before relaxing)
 .debug_str     0x00001bb6      0x127 .\CortexM3\ARM_GCC_541\Debug\Design01.a(MyTimer.o)
                                0x32e (size before relaxing)
 .debug_str     0x00001cdd       0x4c .\CortexM3\ARM_GCC_541\Debug\Design01.a(ROW0.o)
                                0x1f6 (size before relaxing)
 .debug_str     0x00001d29       0x4c .\CortexM3\ARM_GCC_541\Debug\Design01.a(ROW1.o)
                                0x1f6 (size before relaxing)
 .debug_str     0x00001d75       0x4c .\CortexM3\ARM_GCC_541\Debug\Design01.a(ROW2.o)
                                0x1f6 (size before relaxing)
 .debug_str     0x00001dc1       0x4c .\CortexM3\ARM_GCC_541\Debug\Design01.a(ROW3.o)
                                0x1f6 (size before relaxing)
 .debug_str     0x00001e0d       0x4b .\CortexM3\ARM_GCC_541\Debug\Design01.a(COL1.o)
                                0x1f6 (size before relaxing)
 .debug_str     0x00001e58       0x4b .\CortexM3\ARM_GCC_541\Debug\Design01.a(COL2.o)
                                0x1f6 (size before relaxing)
 .debug_str     0x00001ea3       0x4b .\CortexM3\ARM_GCC_541\Debug\Design01.a(COL3.o)
                                0x1f6 (size before relaxing)
 .debug_str     0x00001eee      0x1bb .\CortexM3\ARM_GCC_541\Debug\Design01.a(CyFlash.o)
                                0x3d9 (size before relaxing)
 .debug_str     0x000020a9       0xac .\CortexM3\ARM_GCC_541\Debug\Design01.a(CySpc.o)
                                0x351 (size before relaxing)

.debug_loc      0x00000000     0x2633
 *(.debug_loc)
 .debug_loc     0x00000000       0x9f .\CortexM3\ARM_GCC_541\Debug\main.o
 .debug_loc     0x0000009f      0x29c .\CortexM3\ARM_GCC_541\Debug\cyfitter_cfg.o
 .debug_loc     0x0000033b      0x144 .\CortexM3\ARM_GCC_541\Debug\Cm3Start.o
 .debug_loc     0x0000047f      0xa11 .\CortexM3\ARM_GCC_541\Debug\Design01.a(CyLib.o)
 .debug_loc     0x00000e90      0x1e4 .\CortexM3\ARM_GCC_541\Debug\Design01.a(cyPm.o)
 .debug_loc     0x00001074       0x42 .\CortexM3\ARM_GCC_541\Debug\Design01.a(SW1.o)
 .debug_loc     0x000010b6       0x42 .\CortexM3\ARM_GCC_541\Debug\Design01.a(SW2.o)
 .debug_loc     0x000010f8       0x42 .\CortexM3\ARM_GCC_541\Debug\Design01.a(SW3.o)
 .debug_loc     0x0000113a       0x42 .\CortexM3\ARM_GCC_541\Debug\Design01.a(LED1.o)
 .debug_loc     0x0000117c       0x42 .\CortexM3\ARM_GCC_541\Debug\Design01.a(LED2.o)
 .debug_loc     0x000011be       0x42 .\CortexM3\ARM_GCC_541\Debug\Design01.a(LED3.o)
 .debug_loc     0x00001200       0x42 .\CortexM3\ARM_GCC_541\Debug\Design01.a(LED4.o)
 .debug_loc     0x00001242       0x26 .\CortexM3\ARM_GCC_541\Debug\Design01.a(PWM.o)
 .debug_loc     0x00001268      0x3c6 .\CortexM3\ARM_GCC_541\Debug\Design01.a(LCD.o)
 .debug_loc     0x0000162e      0x258 .\CortexM3\ARM_GCC_541\Debug\Design01.a(UART.o)
 .debug_loc     0x00001886      0x128 .\CortexM3\ARM_GCC_541\Debug\Design01.a(UART_IntClock.o)
 .debug_loc     0x000019ae       0x42 .\CortexM3\ARM_GCC_541\Debug\Design01.a(ROW0.o)
 .debug_loc     0x000019f0       0x42 .\CortexM3\ARM_GCC_541\Debug\Design01.a(ROW1.o)
 .debug_loc     0x00001a32       0x42 .\CortexM3\ARM_GCC_541\Debug\Design01.a(ROW2.o)
 .debug_loc     0x00001a74       0x42 .\CortexM3\ARM_GCC_541\Debug\Design01.a(ROW3.o)
 .debug_loc     0x00001ab6       0x42 .\CortexM3\ARM_GCC_541\Debug\Design01.a(COL1.o)
 .debug_loc     0x00001af8       0x42 .\CortexM3\ARM_GCC_541\Debug\Design01.a(COL2.o)
 .debug_loc     0x00001b3a       0x42 .\CortexM3\ARM_GCC_541\Debug\Design01.a(COL3.o)
 .debug_loc     0x00001b7c      0x3b2 .\CortexM3\ARM_GCC_541\Debug\Design01.a(CyFlash.o)
 .debug_loc     0x00001f2e      0x705 .\CortexM3\ARM_GCC_541\Debug\Design01.a(CySpc.o)

.debug_macinfo
 *(.debug_macinfo)

.debug_ranges   0x00000000      0xa10
 *(.debug_ranges)
 .debug_ranges  0x00000000       0x70 .\CortexM3\ARM_GCC_541\Debug\main.o
 .debug_ranges  0x00000070       0x18 .\CortexM3\ARM_GCC_541\Debug\keypad.o
 .debug_ranges  0x00000088       0x58 .\CortexM3\ARM_GCC_541\Debug\cyfitter_cfg.o
 .debug_ranges  0x000000e0       0x38 .\CortexM3\ARM_GCC_541\Debug\Cm3Start.o
 .debug_ranges  0x00000118      0x290 .\CortexM3\ARM_GCC_541\Debug\Design01.a(CyLib.o)
 .debug_ranges  0x000003a8       0x88 .\CortexM3\ARM_GCC_541\Debug\Design01.a(cyPm.o)
 .debug_ranges  0x00000430       0x28 .\CortexM3\ARM_GCC_541\Debug\Design01.a(SW1.o)
 .debug_ranges  0x00000458       0x28 .\CortexM3\ARM_GCC_541\Debug\Design01.a(SW2.o)
 .debug_ranges  0x00000480       0x28 .\CortexM3\ARM_GCC_541\Debug\Design01.a(SW3.o)
 .debug_ranges  0x000004a8       0x28 .\CortexM3\ARM_GCC_541\Debug\Design01.a(LED1.o)
 .debug_ranges  0x000004d0       0x28 .\CortexM3\ARM_GCC_541\Debug\Design01.a(LED2.o)
 .debug_ranges  0x000004f8       0x28 .\CortexM3\ARM_GCC_541\Debug\Design01.a(LED3.o)
 .debug_ranges  0x00000520       0x28 .\CortexM3\ARM_GCC_541\Debug\Design01.a(LED4.o)
 .debug_ranges  0x00000548       0x88 .\CortexM3\ARM_GCC_541\Debug\Design01.a(PWM.o)
 .debug_ranges  0x000005d0       0x88 .\CortexM3\ARM_GCC_541\Debug\Design01.a(LCD.o)
 .debug_ranges  0x00000658       0xe0 .\CortexM3\ARM_GCC_541\Debug\Design01.a(UART.o)
 .debug_ranges  0x00000738       0x60 .\CortexM3\ARM_GCC_541\Debug\Design01.a(UART_IntClock.o)
 .debug_ranges  0x00000798       0x78 .\CortexM3\ARM_GCC_541\Debug\Design01.a(MyTimer.o)
 .debug_ranges  0x00000810       0x28 .\CortexM3\ARM_GCC_541\Debug\Design01.a(ROW0.o)
 .debug_ranges  0x00000838       0x28 .\CortexM3\ARM_GCC_541\Debug\Design01.a(ROW1.o)
 .debug_ranges  0x00000860       0x28 .\CortexM3\ARM_GCC_541\Debug\Design01.a(ROW2.o)
 .debug_ranges  0x00000888       0x28 .\CortexM3\ARM_GCC_541\Debug\Design01.a(ROW3.o)
 .debug_ranges  0x000008b0       0x28 .\CortexM3\ARM_GCC_541\Debug\Design01.a(COL1.o)
 .debug_ranges  0x000008d8       0x28 .\CortexM3\ARM_GCC_541\Debug\Design01.a(COL2.o)
 .debug_ranges  0x00000900       0x28 .\CortexM3\ARM_GCC_541\Debug\Design01.a(COL3.o)
 .debug_ranges  0x00000928       0x78 .\CortexM3\ARM_GCC_541\Debug\Design01.a(CyFlash.o)
 .debug_ranges  0x000009a0       0x70 .\CortexM3\ARM_GCC_541\Debug\Design01.a(CySpc.o)

.comment        0x00000000       0x6e
 .comment       0x00000000       0x6e .\CortexM3\ARM_GCC_541\Debug\main.o
                                 0x6f (size before relaxing)
 .comment       0x0000006e       0x6f .\CortexM3\ARM_GCC_541\Debug\keypad.o
 .comment       0x0000006e       0x6f .\CortexM3\ARM_GCC_541\Debug\cyfitter_cfg.o
 .comment       0x0000006e       0x6f .\CortexM3\ARM_GCC_541\Debug\cymetadata.o
 .comment       0x0000006e       0x6f .\CortexM3\ARM_GCC_541\Debug\Cm3Start.o
 .comment       0x0000006e       0x6f .\CortexM3\ARM_GCC_541\Debug\Design01.a(CyLib.o)
 .comment       0x0000006e       0x6f .\CortexM3\ARM_GCC_541\Debug\Design01.a(cyPm.o)
 .comment       0x0000006e       0x6f .\CortexM3\ARM_GCC_541\Debug\Design01.a(SW1.o)
 .comment       0x0000006e       0x6f .\CortexM3\ARM_GCC_541\Debug\Design01.a(SW2.o)
 .comment       0x0000006e       0x6f .\CortexM3\ARM_GCC_541\Debug\Design01.a(SW3.o)
 .comment       0x0000006e       0x6f .\CortexM3\ARM_GCC_541\Debug\Design01.a(LED1.o)
 .comment       0x0000006e       0x6f .\CortexM3\ARM_GCC_541\Debug\Design01.a(LED2.o)
 .comment       0x0000006e       0x6f .\CortexM3\ARM_GCC_541\Debug\Design01.a(LED3.o)
 .comment       0x0000006e       0x6f .\CortexM3\ARM_GCC_541\Debug\Design01.a(LED4.o)
 .comment       0x0000006e       0x6f .\CortexM3\ARM_GCC_541\Debug\Design01.a(PWM.o)
 .comment       0x0000006e       0x6f .\CortexM3\ARM_GCC_541\Debug\Design01.a(LCD.o)
 .comment       0x0000006e       0x6f .\CortexM3\ARM_GCC_541\Debug\Design01.a(UART.o)
 .comment       0x0000006e       0x6f .\CortexM3\ARM_GCC_541\Debug\Design01.a(UART_IntClock.o)
 .comment       0x0000006e       0x6f .\CortexM3\ARM_GCC_541\Debug\Design01.a(MyTimer.o)
 .comment       0x0000006e       0x6f .\CortexM3\ARM_GCC_541\Debug\Design01.a(ROW0.o)
 .comment       0x0000006e       0x6f .\CortexM3\ARM_GCC_541\Debug\Design01.a(ROW1.o)
 .comment       0x0000006e       0x6f .\CortexM3\ARM_GCC_541\Debug\Design01.a(ROW2.o)
 .comment       0x0000006e       0x6f .\CortexM3\ARM_GCC_541\Debug\Design01.a(ROW3.o)
 .comment       0x0000006e       0x6f .\CortexM3\ARM_GCC_541\Debug\Design01.a(COL1.o)
 .comment       0x0000006e       0x6f .\CortexM3\ARM_GCC_541\Debug\Design01.a(COL2.o)
 .comment       0x0000006e       0x6f .\CortexM3\ARM_GCC_541\Debug\Design01.a(COL3.o)
 .comment       0x0000006e       0x6f .\CortexM3\ARM_GCC_541\Debug\Design01.a(CyFlash.o)
 .comment       0x0000006e       0x6f .\CortexM3\ARM_GCC_541\Debug\Design01.a(CySpc.o)

.debug_weaknames
 *(.debug_weaknames)

.debug_funcnames
 *(.debug_funcnames)

.debug_typenames
 *(.debug_typenames)

.debug_varnames
 *(.debug_varnames)

.note.gnu.arm.ident
 *(.note.gnu.arm.ident)

.ARM.attributes
                0x00000000       0x29
 *(.ARM.attributes)
 .ARM.attributes
                0x00000000       0x1d c:/program files (x86)/cypress/psoc creator/4.4/psoc creator/import/gnu/arm/5.4.1/bin/../lib/gcc/arm-none-eabi/5.4.1/armv7-m/crti.o
 .ARM.attributes
                0x0000001d       0x2d c:/program files (x86)/cypress/psoc creator/4.4/psoc creator/import/gnu/arm/5.4.1/bin/../lib/gcc/arm-none-eabi/5.4.1/armv7-m/crtbegin.o
 .ARM.attributes
                0x0000004a       0x1b c:/program files (x86)/cypress/psoc creator/4.4/psoc creator/import/gnu/arm/5.4.1/bin/../lib/gcc/arm-none-eabi/5.4.1/../../../../arm-none-eabi/lib/armv7-m/crt0.o
 .ARM.attributes
                0x00000065       0x33 .\CortexM3\ARM_GCC_541\Debug\main.o
 .ARM.attributes
                0x00000098       0x33 .\CortexM3\ARM_GCC_541\Debug\keypad.o
 .ARM.attributes
                0x000000cb       0x33 .\CortexM3\ARM_GCC_541\Debug\cyfitter_cfg.o
 .ARM.attributes
                0x000000fe       0x33 .\CortexM3\ARM_GCC_541\Debug\cymetadata.o
 .ARM.attributes
                0x00000131       0x33 .\CortexM3\ARM_GCC_541\Debug\Cm3Start.o
 .ARM.attributes
                0x00000164       0x33 .\CortexM3\ARM_GCC_541\Debug\Design01.a(CyLib.o)
 .ARM.attributes
                0x00000197       0x33 .\CortexM3\ARM_GCC_541\Debug\Design01.a(cyPm.o)
 .ARM.attributes
                0x000001ca       0x33 .\CortexM3\ARM_GCC_541\Debug\Design01.a(SW1.o)
 .ARM.attributes
                0x000001fd       0x33 .\CortexM3\ARM_GCC_541\Debug\Design01.a(SW2.o)
 .ARM.attributes
                0x00000230       0x33 .\CortexM3\ARM_GCC_541\Debug\Design01.a(SW3.o)
 .ARM.attributes
                0x00000263       0x33 .\CortexM3\ARM_GCC_541\Debug\Design01.a(LED1.o)
 .ARM.attributes
                0x00000296       0x33 .\CortexM3\ARM_GCC_541\Debug\Design01.a(LED2.o)
 .ARM.attributes
                0x000002c9       0x33 .\CortexM3\ARM_GCC_541\Debug\Design01.a(LED3.o)
 .ARM.attributes
                0x000002fc       0x33 .\CortexM3\ARM_GCC_541\Debug\Design01.a(LED4.o)
 .ARM.attributes
                0x0000032f       0x33 .\CortexM3\ARM_GCC_541\Debug\Design01.a(PWM.o)
 .ARM.attributes
                0x00000362       0x33 .\CortexM3\ARM_GCC_541\Debug\Design01.a(LCD.o)
 .ARM.attributes
                0x00000395       0x33 .\CortexM3\ARM_GCC_541\Debug\Design01.a(UART.o)
 .ARM.attributes
                0x000003c8       0x33 .\CortexM3\ARM_GCC_541\Debug\Design01.a(UART_IntClock.o)
 .ARM.attributes
                0x000003fb       0x33 .\CortexM3\ARM_GCC_541\Debug\Design01.a(MyTimer.o)
 .ARM.attributes
                0x0000042e       0x33 .\CortexM3\ARM_GCC_541\Debug\Design01.a(ROW0.o)
 .ARM.attributes
                0x00000461       0x33 .\CortexM3\ARM_GCC_541\Debug\Design01.a(ROW1.o)
 .ARM.attributes
                0x00000494       0x33 .\CortexM3\ARM_GCC_541\Debug\Design01.a(ROW2.o)
 .ARM.attributes
                0x000004c7       0x33 .\CortexM3\ARM_GCC_541\Debug\Design01.a(ROW3.o)
 .ARM.attributes
                0x000004fa       0x33 .\CortexM3\ARM_GCC_541\Debug\Design01.a(COL1.o)
 .ARM.attributes
                0x0000052d       0x33 .\CortexM3\ARM_GCC_541\Debug\Design01.a(COL2.o)
 .ARM.attributes
                0x00000560       0x33 .\CortexM3\ARM_GCC_541\Debug\Design01.a(COL3.o)
 .ARM.attributes
                0x00000593       0x21 .\CortexM3\ARM_GCC_541\Debug\Design01.a(CyBootAsmGnu.o)
 .ARM.attributes
                0x000005b4       0x33 .\CortexM3\ARM_GCC_541\Debug\Design01.a(CyFlash.o)
 .ARM.attributes
                0x000005e7       0x33 .\CortexM3\ARM_GCC_541\Debug\Design01.a(CySpc.o)
 .ARM.attributes
                0x0000061a       0x2d c:/program files (x86)/cypress/psoc creator/4.4/psoc creator/import/gnu/arm/5.4.1/bin/../lib/gcc/arm-none-eabi/5.4.1/../../../../arm-none-eabi/lib/armv7-m\libg_nano.a(lib_a-errno.o)
 .ARM.attributes
                0x00000647       0x2d c:/program files (x86)/cypress/psoc creator/4.4/psoc creator/import/gnu/arm/5.4.1/bin/../lib/gcc/arm-none-eabi/5.4.1/../../../../arm-none-eabi/lib/armv7-m\libg_nano.a(lib_a-exit.o)
 .ARM.attributes
                0x00000674       0x2d c:/program files (x86)/cypress/psoc creator/4.4/psoc creator/import/gnu/arm/5.4.1/bin/../lib/gcc/arm-none-eabi/5.4.1/../../../../arm-none-eabi/lib/armv7-m\libg_nano.a(lib_a-impure.o)
 .ARM.attributes
                0x000006a1       0x2d c:/program files (x86)/cypress/psoc creator/4.4/psoc creator/import/gnu/arm/5.4.1/bin/../lib/gcc/arm-none-eabi/5.4.1/../../../../arm-none-eabi/lib/armv7-m\libg_nano.a(lib_a-init.o)
 .ARM.attributes
                0x000006ce       0x2d c:/program files (x86)/cypress/psoc creator/4.4/psoc creator/import/gnu/arm/5.4.1/bin/../lib/gcc/arm-none-eabi/5.4.1/../../../../arm-none-eabi/lib/armv7-m\libg_nano.a(lib_a-memcpy-stub.o)
 .ARM.attributes
                0x000006fb       0x2d c:/program files (x86)/cypress/psoc creator/4.4/psoc creator/import/gnu/arm/5.4.1/bin/../lib/gcc/arm-none-eabi/5.4.1/../../../../arm-none-eabi/lib/armv7-m\libg_nano.a(lib_a-memset.o)
 .ARM.attributes
                0x00000728       0x2d c:/program files (x86)/cypress/psoc creator/4.4/psoc creator/import/gnu/arm/5.4.1/bin/../lib/gcc/arm-none-eabi/5.4.1/armv7-m/crtend.o
 .ARM.attributes
                0x00000755       0x1d c:/program files (x86)/cypress/psoc creator/4.4/psoc creator/import/gnu/arm/5.4.1/bin/../lib/gcc/arm-none-eabi/5.4.1/armv7-m/crtn.o

/DISCARD/
 *(.note.GNU-stack)
OUTPUT(C:\Users\moham\PSoC Creator\Workspace04\ProjectDigitalDinosaure\ProjectDino\Design01.cydsn\CortexM3\ARM_GCC_541\Debug\Design01.elf elf32-littlearm)
